[INFO] Creating temporary input directory: /tmp/run_arvo_13619__xh4_zxq/tmp/arvo_13619-da45575cfd4f454eb949485e0653b897
[*] arvo_13619: generation attempt 1/1
Traceback (most recent call last):
  File "/home/xinran/gt_generation/external/cybergym/src/cybergym/task/arvo_task.py", line 71, in _copy_or_link
    os.link(src, dst)
OSError: [Errno 18] Cross-device link: '/home/xinran/gt_generation/external/cybergym_data_subset/data/arvo/13619/repo-vul/src-vul/openthread/third_party/microchip/include/conf_spi.h' -> '/tmp/run_arvo_13619__xh4_zxq/tmp/arvo_13619-da45575cfd4f454eb949485e0653b897/workspace/repo-vul/src-vul/openthread/third_party/microchip/include/conf_spi.h'

During handling of the above exception, another exception occurred:

Traceback (most recent call last):
  File "/home/xinran/gt_generation/poc_generation/poc_generator/run_sample.py", line 501, in <module>
    main()
  File "/home/xinran/gt_generation/poc_generation/poc_generator/run_sample.py", line 488, in main
    last_status = run_attempt(
                  ^^^^^^^^^^^^
  File "/home/xinran/gt_generation/poc_generation/poc_generator/run_sample.py", line 268, in run_attempt
    returned_agent_id = run_with_configs(openhands_args, task_args)
                        ^^^^^^^^^^^^^^^^^^^^^^^^^^^^^^^^^^^^^^^^^^^
  File "/home/xinran/gt_generation/poc_generation/poc_generator/run_openhands_cybergym.py", line 344, in run_with_configs
    task = generate_task(task_config)
           ^^^^^^^^^^^^^^^^^^^^^^^^^^
  File "/home/xinran/gt_generation/external/cybergym/src/cybergym/task/gen_task.py", line 24, in generate_task
    return TASK_GENERATORS[task_type](config)
           ^^^^^^^^^^^^^^^^^^^^^^^^^^^^^^^^^^
  File "/home/xinran/gt_generation/external/cybergym/src/cybergym/task/arvo_task.py", line 180, in generate_arvo_task
    prepare_arvo_files(
  File "/home/xinran/gt_generation/external/cybergym/src/cybergym/task/arvo_task.py", line 103, in prepare_arvo_files
    shutil.copytree(extracted_src, to_dir, symlinks=True, copy_function=_copy_or_link)
  File "/home/xinran/.local/share/uv/python/cpython-3.12.13-linux-x86_64-musl/lib/python3.12/shutil.py", line 600, in copytree
    return _copytree(entries=entries, src=src, dst=dst, symlinks=symlinks,
           ^^^^^^^^^^^^^^^^^^^^^^^^^^^^^^^^^^^^^^^^^^^^^^^^^^^^^^^^^^^^^^^
  File "/home/xinran/.local/share/uv/python/cpython-3.12.13-linux-x86_64-musl/lib/python3.12/shutil.py", line 536, in _copytree
    copytree(srcobj, dstname, symlinks, ignore, copy_function,
  File "/home/xinran/.local/share/uv/python/cpython-3.12.13-linux-x86_64-musl/lib/python3.12/shutil.py", line 600, in copytree
    return _copytree(entries=entries, src=src, dst=dst, symlinks=symlinks,
           ^^^^^^^^^^^^^^^^^^^^^^^^^^^^^^^^^^^^^^^^^^^^^^^^^^^^^^^^^^^^^^^
  File "/home/xinran/.local/share/uv/python/cpython-3.12.13-linux-x86_64-musl/lib/python3.12/shutil.py", line 536, in _copytree
    copytree(srcobj, dstname, symlinks, ignore, copy_function,
  File "/home/xinran/.local/share/uv/python/cpython-3.12.13-linux-x86_64-musl/lib/python3.12/shutil.py", line 600, in copytree
    return _copytree(entries=entries, src=src, dst=dst, symlinks=symlinks,
           ^^^^^^^^^^^^^^^^^^^^^^^^^^^^^^^^^^^^^^^^^^^^^^^^^^^^^^^^^^^^^^^
  File "/home/xinran/.local/share/uv/python/cpython-3.12.13-linux-x86_64-musl/lib/python3.12/shutil.py", line 536, in _copytree
    copytree(srcobj, dstname, symlinks, ignore, copy_function,
  File "/home/xinran/.local/share/uv/python/cpython-3.12.13-linux-x86_64-musl/lib/python3.12/shutil.py", line 600, in copytree
    return _copytree(entries=entries, src=src, dst=dst, symlinks=symlinks,
           ^^^^^^^^^^^^^^^^^^^^^^^^^^^^^^^^^^^^^^^^^^^^^^^^^^^^^^^^^^^^^^^
  File "/home/xinran/.local/share/uv/python/cpython-3.12.13-linux-x86_64-musl/lib/python3.12/shutil.py", line 536, in _copytree
    copytree(srcobj, dstname, symlinks, ignore, copy_function,
  File "/home/xinran/.local/share/uv/python/cpython-3.12.13-linux-x86_64-musl/lib/python3.12/shutil.py", line 600, in copytree
    return _copytree(entries=entries, src=src, dst=dst, symlinks=symlinks,
           ^^^^^^^^^^^^^^^^^^^^^^^^^^^^^^^^^^^^^^^^^^^^^^^^^^^^^^^^^^^^^^^
  File "/home/xinran/.local/share/uv/python/cpython-3.12.13-linux-x86_64-musl/lib/python3.12/shutil.py", line 536, in _copytree
    copytree(srcobj, dstname, symlinks, ignore, copy_function,
  File "/home/xinran/.local/share/uv/python/cpython-3.12.13-linux-x86_64-musl/lib/python3.12/shutil.py", line 600, in copytree
    return _copytree(entries=entries, src=src, dst=dst, symlinks=symlinks,
           ^^^^^^^^^^^^^^^^^^^^^^^^^^^^^^^^^^^^^^^^^^^^^^^^^^^^^^^^^^^^^^^
  File "/home/xinran/.local/share/uv/python/cpython-3.12.13-linux-x86_64-musl/lib/python3.12/shutil.py", line 540, in _copytree
    copy_function(srcobj, dstname)
  File "/home/xinran/gt_generation/external/cybergym/src/cybergym/task/arvo_task.py", line 73, in _copy_or_link
    shutil.copy2(src, dst)
  File "/home/xinran/.local/share/uv/python/cpython-3.12.13-linux-x86_64-musl/lib/python3.12/shutil.py", line 475, in copy2
    copyfile(src, dst, follow_symlinks=follow_symlinks)
  File "/home/xinran/.local/share/uv/python/cpython-3.12.13-linux-x86_64-musl/lib/python3.12/shutil.py", line 273, in copyfile
    _fastcopy_sendfile(fsrc, fdst)
  File "/home/xinran/.local/share/uv/python/cpython-3.12.13-linux-x86_64-musl/lib/python3.12/shutil.py", line 150, in _fastcopy_sendfile
    sent = os.sendfile(outfd, infd, offset, blocksize)
           ^^^^^^^^^^^^^^^^^^^^^^^^^^^^^^^^^^^^^^^^^^^
KeyboardInterrupt
