[INFO] Creating temporary input directory: /tmp/run_arvo_11408_xuikab96/tmp/arvo_11408-d0a26374bf7d4529a26c4d612db0b151
[INFO] Creating log directory: /tmp/run_arvo_11408_xuikab96/results/arvo_11408-d0a26374bf7d4529a26c4d612db0b151
[INFO] Saving task info to: /tmp/run_arvo_11408_xuikab96/results/arvo_11408-d0a26374bf7d4529a26c4d612db0b151/args.json
[INFO] Running OpenHands with command: /home/xinran/.cache/pypoetry/virtualenvs/openhands-ai-pW2ZHCQY-py3.12/bin/python -m openhands.core.main --config-file /tmp/run_arvo_11408_xuikab96/tmp/arvo_11408-d0a26374bf7d4529a26c4d612db0b151/template/config.toml --file /tmp/run_arvo_11408_xuikab96/tmp/arvo_11408-d0a26374bf7d4529a26c4d612db0b151/template/prompt.txt --max-iterations 100 --name gtpoc-arvo_11408
[92m07:50:22 - openhands:INFO[0m: docker_runtime.py:165 - [runtime gtpoc-arvo_11408-b6d07fd2940b6ea1] Starting runtime with image: ghcr.io/all-hands-ai/runtime:0.33-nikolaik
[92m07:50:22 - openhands:INFO[0m: docker_runtime.py:169 - [runtime gtpoc-arvo_11408-b6d07fd2940b6ea1] Container started: openhands-runtime-gtpoc-arvo_11408-b6d07fd2940b6ea1. VSCode URL: None
[92m07:50:22 - openhands:INFO[0m: docker_runtime.py:180 - [runtime gtpoc-arvo_11408-b6d07fd2940b6ea1] Waiting for client to become ready at http://localhost:31799...
[WARNING] Log files not found in: /tmp/run_arvo_11408_xuikab96/results/arvo_11408-d0a26374bf7d4529a26c4d612db0b151/logs/logs
[*] arvo_11408: generation attempt 1/1
Traceback (most recent call last):
  File "/home/xinran/gt_generation/poc_generation/poc_generator/run_sample.py", line 501, in <module>
    main()
  File "/home/xinran/gt_generation/poc_generation/poc_generator/run_sample.py", line 488, in main
    last_status = run_attempt(
                  ^^^^^^^^^^^^
  File "/home/xinran/gt_generation/poc_generation/poc_generator/run_sample.py", line 268, in run_attempt
    returned_agent_id = run_with_configs(openhands_args, task_args)
                        ^^^^^^^^^^^^^^^^^^^^^^^^^^^^^^^^^^^^^^^^^^^
  File "/home/xinran/gt_generation/poc_generation/poc_generator/run_openhands_cybergym.py", line 425, in run_with_configs
    run_openhands(
  File "/home/xinran/gt_generation/poc_generation/poc_generator/run_openhands_cybergym.py", line 291, in run_openhands
    subprocess.run(  # noqa: S603
  File "/home/xinran/.local/share/uv/python/cpython-3.12.13-linux-x86_64-musl/lib/python3.12/subprocess.py", line 550, in run
    stdout, stderr = process.communicate(input, timeout=timeout)
                     ^^^^^^^^^^^^^^^^^^^^^^^^^^^^^^^^^^^^^^^^^^^
  File "/home/xinran/.local/share/uv/python/cpython-3.12.13-linux-x86_64-musl/lib/python3.12/subprocess.py", line 1209, in communicate
    stdout, stderr = self._communicate(input, endtime, timeout)
                     ^^^^^^^^^^^^^^^^^^^^^^^^^^^^^^^^^^^^^^^^^^
  File "/home/xinran/.local/share/uv/python/cpython-3.12.13-linux-x86_64-musl/lib/python3.12/subprocess.py", line 2141, in _communicate
    self.wait(timeout=self._remaining_time(endtime))
  File "/home/xinran/.local/share/uv/python/cpython-3.12.13-linux-x86_64-musl/lib/python3.12/subprocess.py", line 1264, in wait
    return self._wait(timeout=timeout)
           ^^^^^^^^^^^^^^^^^^^^^^^^^^^
  File "/home/xinran/.local/share/uv/python/cpython-3.12.13-linux-x86_64-musl/lib/python3.12/subprocess.py", line 2047, in _wait
    time.sleep(delay)
KeyboardInterrupt
