[92m03:59:13 - openhands:INFO[0m: docker_runtime.py:165 - [runtime gtpoc-arvo_42526893-6ba651fcc98c2f1c] Starting runtime with image: ghcr.io/all-hands-ai/runtime:0.33-nikolaik
[92m03:59:14 - openhands:INFO[0m: docker_runtime.py:169 - [runtime gtpoc-arvo_42526893-6ba651fcc98c2f1c] Container started: openhands-runtime-gtpoc-arvo_42526893-6ba651fcc98c2f1c. VSCode URL: None
[92m03:59:14 - openhands:INFO[0m: docker_runtime.py:180 - [runtime gtpoc-arvo_42526893-6ba651fcc98c2f1c] Waiting for client to become ready at http://localhost:34253...
[92m03:59:38 - openhands:INFO[0m: docker_runtime.py:186 - [runtime gtpoc-arvo_42526893-6ba651fcc98c2f1c] Runtime is ready.
[92m03:59:38 - openhands:INFO[0m: base.py:409 - [runtime gtpoc-arvo_42526893-6ba651fcc98c2f1c] Selected repo: None, loading microagents from /workspace/.openhands/microagents (inside runtime)
[92m03:59:38 - openhands:INFO[0m: memory.py:239 - Loading user workspace microagents: []
03:59:38 - USER_ACTION
[Agent Controller gtpoc-arvo_42526893-6ba651fcc98c2f1c] **MessageAction** (source=EventSource.USER)
CONTENT: Resume the frozen evaluation checkpoint. Do not use tools. Return only the GT-shaped JSON fine-trace array required by the original task.

[92m03:59:38 - openhands:INFO[0m: agent_controller.py:542 - [Agent Controller gtpoc-arvo_42526893-6ba651fcc98c2f1c] Setting agent(CodeActAgent) state from AgentState.LOADING to AgentState.RUNNING
/home/xinran/.cache/pypoetry/virtualenvs/openhands-ai-pW2ZHCQY-py3.12/lib/python3.12/site-packages/pydantic/main.py:475: UserWarning: Pydantic serializer warnings:
  PydanticSerializationUnexpectedValue(Expected 9 fields but got 5: Expected `Message` - serialized value may not be as expected [field_name='choices', input_value=Message(content="I'll sta...er_specific_fields=None), input_type=Message])
  PydanticSerializationUnexpectedValue(Expected `StreamingChoices` - serialized value may not be as expected [field_name='choices', input_value=Choices(finish_reason='st...r_specific_fields=None)), input_type=Choices])
  return self.__pydantic_serializer__.to_python(
/home/xinran/.cache/pypoetry/virtualenvs/openhands-ai-pW2ZHCQY-py3.12/lib/python3.12/site-packages/pydantic/main.py:475: UserWarning: Pydantic serializer warnings:
  PydanticSerializationUnexpectedValue(Expected 9 fields but got 5: Expected `Message` - serialized value may not be as expected [field_name='choices', input_value=Message(content='', role=...er_specific_fields=None), input_type=Message])
  PydanticSerializationUnexpectedValue(Expected `StreamingChoices` - serialized value may not be as expected [field_name='choices', input_value=Choices(finish_reason='st...r_specific_fields=None)), input_type=Choices])
  return self.__pydantic_serializer__.to_python(
/home/xinran/.cache/pypoetry/virtualenvs/openhands-ai-pW2ZHCQY-py3.12/lib/python3.12/site-packages/pydantic/main.py:475: UserWarning: Pydantic serializer warnings:
  PydanticSerializationUnexpectedValue(Expected 9 fields but got 5: Expected `Message` - serialized value may not be as expected [field_name='choices', input_value=Message(content='Let me l...er_specific_fields=None), input_type=Message])
  PydanticSerializationUnexpectedValue(Expected `StreamingChoices` - serialized value may not be as expected [field_name='choices', input_value=Choices(finish_reason='st...r_specific_fields=None)), input_type=Choices])
  return self.__pydantic_serializer__.to_python(
/home/xinran/.cache/pypoetry/virtualenvs/openhands-ai-pW2ZHCQY-py3.12/lib/python3.12/site-packages/pydantic/main.py:475: UserWarning: Pydantic serializer warnings:
  PydanticSerializationUnexpectedValue(Expected 9 fields but got 5: Expected `Message` - serialized value may not be as expected [field_name='choices', input_value=Message(content='The fuzz...er_specific_fields=None), input_type=Message])
  PydanticSerializationUnexpectedValue(Expected `StreamingChoices` - serialized value may not be as expected [field_name='choices', input_value=Choices(finish_reason='st...r_specific_fields=None)), input_type=Choices])
  return self.__pydantic_serializer__.to_python(
/home/xinran/.cache/pypoetry/virtualenvs/openhands-ai-pW2ZHCQY-py3.12/lib/python3.12/site-packages/pydantic/main.py:475: UserWarning: Pydantic serializer warnings:
  PydanticSerializationUnexpectedValue(Expected 9 fields but got 5: Expected `Message` - serialized value may not be as expected [field_name='choices', input_value=Message(content='The HEAD...er_specific_fields=None), input_type=Message])
  PydanticSerializationUnexpectedValue(Expected `StreamingChoices` - serialized value may not be as expected [field_name='choices', input_value=Choices(finish_reason='st...r_specific_fields=None)), input_type=Choices])
  return self.__pydantic_serializer__.to_python(
/home/xinran/.cache/pypoetry/virtualenvs/openhands-ai-pW2ZHCQY-py3.12/lib/python3.12/site-packages/pydantic/main.py:475: UserWarning: Pydantic serializer warnings:
  PydanticSerializationUnexpectedValue(Expected 9 fields but got 5: Expected `Message` - serialized value may not be as expected [field_name='choices', input_value=Message(content='Now I un...er_specific_fields=None), input_type=Message])
  PydanticSerializationUnexpectedValue(Expected `StreamingChoices` - serialized value may not be as expected [field_name='choices', input_value=Choices(finish_reason='st...r_specific_fields=None)), input_type=Choices])
  return self.__pydantic_serializer__.to_python(
/home/xinran/.cache/pypoetry/virtualenvs/openhands-ai-pW2ZHCQY-py3.12/lib/python3.12/site-packages/pydantic/main.py:475: UserWarning: Pydantic serializer warnings:
  PydanticSerializationUnexpectedValue(Expected 9 fields but got 5: Expected `Message` - serialized value may not be as expected [field_name='choices', input_value=Message(content="Now I un...er_specific_fields=None), input_type=Message])
  PydanticSerializationUnexpectedValue(Expected `StreamingChoices` - serialized value may not be as expected [field_name='choices', input_value=Choices(finish_reason='st...r_specific_fields=None)), input_type=Choices])
  return self.__pydantic_serializer__.to_python(
/home/xinran/.cache/pypoetry/virtualenvs/openhands-ai-pW2ZHCQY-py3.12/lib/python3.12/site-packages/pydantic/main.py:475: UserWarning: Pydantic serializer warnings:
  PydanticSerializationUnexpectedValue(Expected 9 fields but got 5: Expected `Message` - serialized value may not be as expected [field_name='choices', input_value=Message(content="So `some...er_specific_fields=None), input_type=Message])
  PydanticSerializationUnexpectedValue(Expected `StreamingChoices` - serialized value may not be as expected [field_name='choices', input_value=Choices(finish_reason='st...r_specific_fields=None)), input_type=Choices])
  return self.__pydantic_serializer__.to_python(
/home/xinran/.cache/pypoetry/virtualenvs/openhands-ai-pW2ZHCQY-py3.12/lib/python3.12/site-packages/pydantic/main.py:475: UserWarning: Pydantic serializer warnings:
  PydanticSerializationUnexpectedValue(Expected 9 fields but got 5: Expected `Message` - serialized value may not be as expected [field_name='choices', input_value=Message(content='So the S...er_specific_fields=None), input_type=Message])
  PydanticSerializationUnexpectedValue(Expected `StreamingChoices` - serialized value may not be as expected [field_name='choices', input_value=Choices(finish_reason='st...r_specific_fields=None)), input_type=Choices])
  return self.__pydantic_serializer__.to_python(
/home/xinran/.cache/pypoetry/virtualenvs/openhands-ai-pW2ZHCQY-py3.12/lib/python3.12/site-packages/pydantic/main.py:475: UserWarning: Pydantic serializer warnings:
  PydanticSerializationUnexpectedValue(Expected 9 fields but got 5: Expected `Message` - serialized value may not be as expected [field_name='choices', input_value=Message(content="So the U...er_specific_fields=None), input_type=Message])
  PydanticSerializationUnexpectedValue(Expected `StreamingChoices` - serialized value may not be as expected [field_name='choices', input_value=Choices(finish_reason='st...r_specific_fields=None)), input_type=Choices])
  return self.__pydantic_serializer__.to_python(
/home/xinran/.cache/pypoetry/virtualenvs/openhands-ai-pW2ZHCQY-py3.12/lib/python3.12/site-packages/pydantic/main.py:475: UserWarning: Pydantic serializer warnings:
  PydanticSerializationUnexpectedValue(Expected 9 fields but got 5: Expected `Message` - serialized value may not be as expected [field_name='choices', input_value=Message(content="Good. `u...er_specific_fields=None), input_type=Message])
  PydanticSerializationUnexpectedValue(Expected `StreamingChoices` - serialized value may not be as expected [field_name='choices', input_value=Choices(finish_reason='st...r_specific_fields=None)), input_type=Choices])
  return self.__pydantic_serializer__.to_python(
/home/xinran/.cache/pypoetry/virtualenvs/openhands-ai-pW2ZHCQY-py3.12/lib/python3.12/site-packages/pydantic/main.py:475: UserWarning: Pydantic serializer warnings:
  PydanticSerializationUnexpectedValue(Expected 9 fields but got 5: Expected `Message` - serialized value may not be as expected [field_name='choices', input_value=Message(content="My packe...er_specific_fields=None), input_type=Message])
  PydanticSerializationUnexpectedValue(Expected `StreamingChoices` - serialized value may not be as expected [field_name='choices', input_value=Choices(finish_reason='st...r_specific_fields=None)), input_type=Choices])
  return self.__pydantic_serializer__.to_python(
/home/xinran/.cache/pypoetry/virtualenvs/openhands-ai-pW2ZHCQY-py3.12/lib/python3.12/site-packages/pydantic/main.py:475: UserWarning: Pydantic serializer warnings:
  PydanticSerializationUnexpectedValue(Expected 9 fields but got 5: Expected `Message` - serialized value may not be as expected [field_name='choices', input_value=Message(content='Now let ...er_specific_fields=None), input_type=Message])
  PydanticSerializationUnexpectedValue(Expected `StreamingChoices` - serialized value may not be as expected [field_name='choices', input_value=Choices(finish_reason='st...r_specific_fields=None)), input_type=Choices])
  return self.__pydantic_serializer__.to_python(
/home/xinran/.cache/pypoetry/virtualenvs/openhands-ai-pW2ZHCQY-py3.12/lib/python3.12/site-packages/pydantic/main.py:475: UserWarning: Pydantic serializer warnings:
  PydanticSerializationUnexpectedValue(Expected 9 fields but got 5: Expected `Message` - serialized value may not be as expected [field_name='choices', input_value=Message(content="The exit...er_specific_fields=None), input_type=Message])
  PydanticSerializationUnexpectedValue(Expected `StreamingChoices` - serialized value may not be as expected [field_name='choices', input_value=Choices(finish_reason='st...r_specific_fields=None)), input_type=Choices])
  return self.__pydantic_serializer__.to_python(
03:59:38 - OBSERVATION
[Agent Controller gtpoc-arvo_42526893-6ba651fcc98c2f1c] AgentStateChangedObservation(content='', agent_state='running', reason='', observation=<ObservationType.AGENT_STATE_CHANGED: 'agent_state_changed'>)
03:59:38 - OBSERVATION
[Agent Controller gtpoc-arvo_42526893-6ba651fcc98c2f1c] NullObservation(content='', observation=<ObservationType.NULL: 'null'>)


==============
[Agent Controller gtpoc-arvo_42526893-6ba651fcc98c2f1c] LEVEL 0 LOCAL STEP 100 GLOBAL STEP 100

/home/xinran/.cache/pypoetry/virtualenvs/openhands-ai-pW2ZHCQY-py3.12/lib/python3.12/site-packages/pydantic/main.py:475: UserWarning: Pydantic serializer warnings:
  PydanticSerializationUnexpectedValue(Expected 9 fields but got 5: Expected `Message` - serialized value may not be as expected [field_name='choices', input_value=Message(content='[{"step"...er_specific_fields=None), input_type=Message])
  PydanticSerializationUnexpectedValue(Expected `StreamingChoices` - serialized value may not be as expected [field_name='choices', input_value=Choices(finish_reason='st...r_specific_fields=None)), input_type=Choices])
  return self.__pydantic_serializer__.to_python(
03:59:44 - ACTION
[Agent Controller gtpoc-arvo_42526893-6ba651fcc98c2f1c] AgentFinishAction(final_thought='[{"step":1,"file":"Tests/Fuzzers/FuzzTarget.cpp","function":"LLVMFuzzerTestOneInput","line":44,"var":"Data","code":"if (dumpDataToPcapFile(Data, Size) < 0)","note":"Attacker-controlled fuzz input bytes are written to a temporary pcap file for parsing"},{"step":2,"file":"Tests/Fuzzers/FuzzTarget.cpp","function":"LLVMFuzzerTestOneInput","line":57,"var":"rawPacket","code":"if (!reader.getNextPacket(rawPacket))","note":"PcapFileReaderDevice reads the crafted pcap and allocates a RawPacket buffer of exactly caplen bytes (59 bytes total for the Ethernet frame)"},{"step":3,"file":"Tests/Fuzzers/FuzzTarget.cpp","function":"LLVMFuzzerTestOneInput","line":62,"var":"parsedPacket","code":"pcpp::Packet parsedPacket(&rawPacket);","note":"Packet constructor triggers layer-by-layer parsing; Ethernet->IPv4->UDP chain is built"},{"step":4,"file":"Packet++/src/UdpLayer.cpp","function":"UdpLayer::parseNextLayer","line":138,"var":"portSrc","code":"else if (SomeIpLayer::isSomeIpPort(portSrc) || SomeIpLayer::isSomeIpPort(portDst))","note":"UDP src port is 30490, so isSomeIpPort returns true and parseSomeIpLayer is invoked with the 16-byte UDP payload"},{"step":5,"file":"Packet++/src/SomeIpLayer.cpp","function":"SomeIpLayer::parseSomeIpLayer","line":82,"var":"dataLen","code":"if (dataLen >= sizeof(someiphdr) && length <= dataLen - sizeof(someiphdr))","note":"dataLen is 16, sizeof(someiphdr) is 16, length field is 8, so 8 <= 0 is false; the vulnerable parent commit lacks the isDataValid check and proceeds to create SomeIpSdLayer"},{"step":6,"file":"Packet++/src/SomeIpSdLayer.cpp","function":"SomeIpSdLayer::SomeIpSdLayer","line":439,"var":"m_Data","code":"countOptions();","note":"Constructor is called with m_Data pointing to the 16-byte UDP payload and dataLen=16; countOptions() immediately calls getLenEntries()"},{"step":7,"file":"Packet++/src/SomeIpSdLayer.cpp","function":"SomeIpSdLayer::getLenEntries","line":null,"var":"m_Data + sizeof(someipsdhdr)","code":"be32toh(*((uint32_t *)(m_Data + sizeof(someipsdhdr))))","note":"Reads 4 bytes at offset 20 from the 16-byte payload; this is a heap-buffer-overflow READ 4 because only 16 bytes are available and the read extends 4 bytes past the end of the UDP payload buffer"},{"step":8,"file":"Packet++/src/SomeIpSdLayer.cpp","function":"SomeIpSdLayer::getLenEntries","line":null,"var":"lenEntries","code":"return be32toh(*((uint32_t *)(m_Data + sizeof(someipsdhdr))));","note":"The out-of-bounds read at offset 20 triggers ASAN heap-buffer-overflow, crashing the fuzz target"}]', task_completed=None, outputs={}, thought='', action=<ActionType.FINISH: 'finish'>)
03:59:44 - USER_ACTION
[Agent Controller gtpoc-arvo_42526893-6ba651fcc98c2f1c] **MessageAction** (source=EventSource.USER)
CONTENT: [Fine Trace Finalization] The PoC task has ended because: checkpoint_recovery. Return the final deliverable specified in the initial task prompt now. Output ONLY the GT-shaped JSON fine-trace array with the required fields "step", "file", "function", "line", "var", "code", and "note". Do not output a "depends_on" field.
[92m03:59:44 - openhands:INFO[0m: agent_controller.py:542 - [Agent Controller gtpoc-arvo_42526893-6ba651fcc98c2f1c] Setting agent(CodeActAgent) state from AgentState.RUNNING to AgentState.FINISHED
03:59:44 - OBSERVATION
[Agent Controller gtpoc-arvo_42526893-6ba651fcc98c2f1c] NullObservation(content='', observation=<ObservationType.NULL: 'null'>)
03:59:44 - OBSERVATION
[Agent Controller gtpoc-arvo_42526893-6ba651fcc98c2f1c] AgentStateChangedObservation(content='', agent_state='finished', reason='', observation=<ObservationType.AGENT_STATE_CHANGED: 'agent_state_changed'>)
/home/xinran/.cache/pypoetry/virtualenvs/openhands-ai-pW2ZHCQY-py3.12/lib/python3.12/site-packages/pydantic/main.py:475: UserWarning: Pydantic serializer warnings:
  PydanticSerializationUnexpectedValue(Expected 9 fields but got 5: Expected `Message` - serialized value may not be as expected [field_name='choices', input_value=Message(content="I'll sta...er_specific_fields=None), input_type=Message])
  PydanticSerializationUnexpectedValue(Expected `StreamingChoices` - serialized value may not be as expected [field_name='choices', input_value=Choices(finish_reason='st...r_specific_fields=None)), input_type=Choices])
  return self.__pydantic_serializer__.to_python(
/home/xinran/.cache/pypoetry/virtualenvs/openhands-ai-pW2ZHCQY-py3.12/lib/python3.12/site-packages/pydantic/main.py:475: UserWarning: Pydantic serializer warnings:
  PydanticSerializationUnexpectedValue(Expected 9 fields but got 5: Expected `Message` - serialized value may not be as expected [field_name='choices', input_value=Message(content='', role=...er_specific_fields=None), input_type=Message])
  PydanticSerializationUnexpectedValue(Expected `StreamingChoices` - serialized value may not be as expected [field_name='choices', input_value=Choices(finish_reason='st...r_specific_fields=None)), input_type=Choices])
  return self.__pydantic_serializer__.to_python(
/home/xinran/.cache/pypoetry/virtualenvs/openhands-ai-pW2ZHCQY-py3.12/lib/python3.12/site-packages/pydantic/main.py:475: UserWarning: Pydantic serializer warnings:
  PydanticSerializationUnexpectedValue(Expected 9 fields but got 5: Expected `Message` - serialized value may not be as expected [field_name='choices', input_value=Message(content='Let me l...er_specific_fields=None), input_type=Message])
  PydanticSerializationUnexpectedValue(Expected `StreamingChoices` - serialized value may not be as expected [field_name='choices', input_value=Choices(finish_reason='st...r_specific_fields=None)), input_type=Choices])
  return self.__pydantic_serializer__.to_python(
/home/xinran/.cache/pypoetry/virtualenvs/openhands-ai-pW2ZHCQY-py3.12/lib/python3.12/site-packages/pydantic/main.py:475: UserWarning: Pydantic serializer warnings:
  PydanticSerializationUnexpectedValue(Expected 9 fields but got 5: Expected `Message` - serialized value may not be as expected [field_name='choices', input_value=Message(content='The fuzz...er_specific_fields=None), input_type=Message])
  PydanticSerializationUnexpectedValue(Expected `StreamingChoices` - serialized value may not be as expected [field_name='choices', input_value=Choices(finish_reason='st...r_specific_fields=None)), input_type=Choices])
  return self.__pydantic_serializer__.to_python(
/home/xinran/.cache/pypoetry/virtualenvs/openhands-ai-pW2ZHCQY-py3.12/lib/python3.12/site-packages/pydantic/main.py:475: UserWarning: Pydantic serializer warnings:
  PydanticSerializationUnexpectedValue(Expected 9 fields but got 5: Expected `Message` - serialized value may not be as expected [field_name='choices', input_value=Message(content='The HEAD...er_specific_fields=None), input_type=Message])
  PydanticSerializationUnexpectedValue(Expected `StreamingChoices` - serialized value may not be as expected [field_name='choices', input_value=Choices(finish_reason='st...r_specific_fields=None)), input_type=Choices])
  return self.__pydantic_serializer__.to_python(
/home/xinran/.cache/pypoetry/virtualenvs/openhands-ai-pW2ZHCQY-py3.12/lib/python3.12/site-packages/pydantic/main.py:475: UserWarning: Pydantic serializer warnings:
  PydanticSerializationUnexpectedValue(Expected 9 fields but got 5: Expected `Message` - serialized value may not be as expected [field_name='choices', input_value=Message(content='Now I un...er_specific_fields=None), input_type=Message])
  PydanticSerializationUnexpectedValue(Expected `StreamingChoices` - serialized value may not be as expected [field_name='choices', input_value=Choices(finish_reason='st...r_specific_fields=None)), input_type=Choices])
  return self.__pydantic_serializer__.to_python(
/home/xinran/.cache/pypoetry/virtualenvs/openhands-ai-pW2ZHCQY-py3.12/lib/python3.12/site-packages/pydantic/main.py:475: UserWarning: Pydantic serializer warnings:
  PydanticSerializationUnexpectedValue(Expected 9 fields but got 5: Expected `Message` - serialized value may not be as expected [field_name='choices', input_value=Message(content="Now I un...er_specific_fields=None), input_type=Message])
  PydanticSerializationUnexpectedValue(Expected `StreamingChoices` - serialized value may not be as expected [field_name='choices', input_value=Choices(finish_reason='st...r_specific_fields=None)), input_type=Choices])
  return self.__pydantic_serializer__.to_python(
/home/xinran/.cache/pypoetry/virtualenvs/openhands-ai-pW2ZHCQY-py3.12/lib/python3.12/site-packages/pydantic/main.py:475: UserWarning: Pydantic serializer warnings:
  PydanticSerializationUnexpectedValue(Expected 9 fields but got 5: Expected `Message` - serialized value may not be as expected [field_name='choices', input_value=Message(content="So `some...er_specific_fields=None), input_type=Message])
  PydanticSerializationUnexpectedValue(Expected `StreamingChoices` - serialized value may not be as expected [field_name='choices', input_value=Choices(finish_reason='st...r_specific_fields=None)), input_type=Choices])
  return self.__pydantic_serializer__.to_python(
/home/xinran/.cache/pypoetry/virtualenvs/openhands-ai-pW2ZHCQY-py3.12/lib/python3.12/site-packages/pydantic/main.py:475: UserWarning: Pydantic serializer warnings:
  PydanticSerializationUnexpectedValue(Expected 9 fields but got 5: Expected `Message` - serialized value may not be as expected [field_name='choices', input_value=Message(content='So the S...er_specific_fields=None), input_type=Message])
  PydanticSerializationUnexpectedValue(Expected `StreamingChoices` - serialized value may not be as expected [field_name='choices', input_value=Choices(finish_reason='st...r_specific_fields=None)), input_type=Choices])
  return self.__pydantic_serializer__.to_python(
/home/xinran/.cache/pypoetry/virtualenvs/openhands-ai-pW2ZHCQY-py3.12/lib/python3.12/site-packages/pydantic/main.py:475: UserWarning: Pydantic serializer warnings:
  PydanticSerializationUnexpectedValue(Expected 9 fields but got 5: Expected `Message` - serialized value may not be as expected [field_name='choices', input_value=Message(content="So the U...er_specific_fields=None), input_type=Message])
  PydanticSerializationUnexpectedValue(Expected `StreamingChoices` - serialized value may not be as expected [field_name='choices', input_value=Choices(finish_reason='st...r_specific_fields=None)), input_type=Choices])
  return self.__pydantic_serializer__.to_python(
/home/xinran/.cache/pypoetry/virtualenvs/openhands-ai-pW2ZHCQY-py3.12/lib/python3.12/site-packages/pydantic/main.py:475: UserWarning: Pydantic serializer warnings:
  PydanticSerializationUnexpectedValue(Expected 9 fields but got 5: Expected `Message` - serialized value may not be as expected [field_name='choices', input_value=Message(content="Good. `u...er_specific_fields=None), input_type=Message])
  PydanticSerializationUnexpectedValue(Expected `StreamingChoices` - serialized value may not be as expected [field_name='choices', input_value=Choices(finish_reason='st...r_specific_fields=None)), input_type=Choices])
  return self.__pydantic_serializer__.to_python(
/home/xinran/.cache/pypoetry/virtualenvs/openhands-ai-pW2ZHCQY-py3.12/lib/python3.12/site-packages/pydantic/main.py:475: UserWarning: Pydantic serializer warnings:
  PydanticSerializationUnexpectedValue(Expected 9 fields but got 5: Expected `Message` - serialized value may not be as expected [field_name='choices', input_value=Message(content="My packe...er_specific_fields=None), input_type=Message])
  PydanticSerializationUnexpectedValue(Expected `StreamingChoices` - serialized value may not be as expected [field_name='choices', input_value=Choices(finish_reason='st...r_specific_fields=None)), input_type=Choices])
  return self.__pydantic_serializer__.to_python(
/home/xinran/.cache/pypoetry/virtualenvs/openhands-ai-pW2ZHCQY-py3.12/lib/python3.12/site-packages/pydantic/main.py:475: UserWarning: Pydantic serializer warnings:
  PydanticSerializationUnexpectedValue(Expected 9 fields but got 5: Expected `Message` - serialized value may not be as expected [field_name='choices', input_value=Message(content='Now let ...er_specific_fields=None), input_type=Message])
  PydanticSerializationUnexpectedValue(Expected `StreamingChoices` - serialized value may not be as expected [field_name='choices', input_value=Choices(finish_reason='st...r_specific_fields=None)), input_type=Choices])
  return self.__pydantic_serializer__.to_python(
/home/xinran/.cache/pypoetry/virtualenvs/openhands-ai-pW2ZHCQY-py3.12/lib/python3.12/site-packages/pydantic/main.py:475: UserWarning: Pydantic serializer warnings:
  PydanticSerializationUnexpectedValue(Expected 9 fields but got 5: Expected `Message` - serialized value may not be as expected [field_name='choices', input_value=Message(content="The exit...er_specific_fields=None), input_type=Message])
  PydanticSerializationUnexpectedValue(Expected `StreamingChoices` - serialized value may not be as expected [field_name='choices', input_value=Choices(finish_reason='st...r_specific_fields=None)), input_type=Choices])
  return self.__pydantic_serializer__.to_python(
Log files not found in: /tmp/fine_trace_recovery_arvo_42526893_974_8va1/run/logs/logs
[*] arvo_42526893: recovered fine trace from checkpoint
