[92m03:59:56 - openhands:INFO[0m: docker_runtime.py:165 - [runtime gtpoc-osv_ossfuzz_OSV-2026-608-cfa5aadd7c5cccbb] Starting runtime with image: ghcr.io/all-hands-ai/runtime:0.33-nikolaik
[92m03:59:56 - openhands:INFO[0m: docker_runtime.py:169 - [runtime gtpoc-osv_ossfuzz_OSV-2026-608-cfa5aadd7c5cccbb] Container started: openhands-runtime-gtpoc-osv_ossfuzz_OSV-2026-608-cfa5aadd7c5cccbb. VSCode URL: None
[92m03:59:56 - openhands:INFO[0m: docker_runtime.py:180 - [runtime gtpoc-osv_ossfuzz_OSV-2026-608-cfa5aadd7c5cccbb] Waiting for client to become ready at http://localhost:36195...
[92m04:00:20 - openhands:INFO[0m: docker_runtime.py:186 - [runtime gtpoc-osv_ossfuzz_OSV-2026-608-cfa5aadd7c5cccbb] Runtime is ready.
[92m04:00:20 - openhands:INFO[0m: base.py:409 - [runtime gtpoc-osv_ossfuzz_OSV-2026-608-cfa5aadd7c5cccbb] Selected repo: None, loading microagents from /workspace/.openhands/microagents (inside runtime)
[92m04:00:20 - openhands:INFO[0m: memory.py:239 - Loading user workspace microagents: []
04:00:20 - USER_ACTION
[Agent Controller gtpoc-osv_ossfuzz_OSV-2026-608-cfa5aadd7c5cccbb] **MessageAction** (source=EventSource.USER)
CONTENT: Resume the frozen evaluation checkpoint. Do not use tools. Return only the GT-shaped JSON fine-trace array required by the original task.

[92m04:00:20 - openhands:INFO[0m: agent_controller.py:542 - [Agent Controller gtpoc-osv_ossfuzz_OSV-2026-608-cfa5aadd7c5cccbb] Setting agent(CodeActAgent) state from AgentState.LOADING to AgentState.RUNNING
/home/xinran/.cache/pypoetry/virtualenvs/openhands-ai-pW2ZHCQY-py3.12/lib/python3.12/site-packages/pydantic/main.py:475: UserWarning: Pydantic serializer warnings:
  PydanticSerializationUnexpectedValue(Expected 9 fields but got 5: Expected `Message` - serialized value may not be as expected [field_name='choices', input_value=Message(content='', role=...er_specific_fields=None), input_type=Message])
  PydanticSerializationUnexpectedValue(Expected `StreamingChoices` - serialized value may not be as expected [field_name='choices', input_value=Choices(finish_reason='st...r_specific_fields=None)), input_type=Choices])
  return self.__pydantic_serializer__.to_python(
/home/xinran/.cache/pypoetry/virtualenvs/openhands-ai-pW2ZHCQY-py3.12/lib/python3.12/site-packages/pydantic/main.py:475: UserWarning: Pydantic serializer warnings:
  PydanticSerializationUnexpectedValue(Expected 9 fields but got 5: Expected `Message` - serialized value may not be as expected [field_name='choices', input_value=Message(content='Let me e...er_specific_fields=None), input_type=Message])
  PydanticSerializationUnexpectedValue(Expected `StreamingChoices` - serialized value may not be as expected [field_name='choices', input_value=Choices(finish_reason='st...r_specific_fields=None)), input_type=Choices])
  return self.__pydantic_serializer__.to_python(
/home/xinran/.cache/pypoetry/virtualenvs/openhands-ai-pW2ZHCQY-py3.12/lib/python3.12/site-packages/pydantic/main.py:475: UserWarning: Pydantic serializer warnings:
  PydanticSerializationUnexpectedValue(Expected 9 fields but got 5: Expected `Message` - serialized value may not be as expected [field_name='choices', input_value=Message(content='Let me l...er_specific_fields=None), input_type=Message])
  PydanticSerializationUnexpectedValue(Expected `StreamingChoices` - serialized value may not be as expected [field_name='choices', input_value=Choices(finish_reason='st...r_specific_fields=None)), input_type=Choices])
  return self.__pydantic_serializer__.to_python(
/home/xinran/.cache/pypoetry/virtualenvs/openhands-ai-pW2ZHCQY-py3.12/lib/python3.12/site-packages/pydantic/main.py:475: UserWarning: Pydantic serializer warnings:
  PydanticSerializationUnexpectedValue(Expected 9 fields but got 5: Expected `Message` - serialized value may not be as expected [field_name='choices', input_value=Message(content='Now let ...er_specific_fields=None), input_type=Message])
  PydanticSerializationUnexpectedValue(Expected `StreamingChoices` - serialized value may not be as expected [field_name='choices', input_value=Choices(finish_reason='st...r_specific_fields=None)), input_type=Choices])
  return self.__pydantic_serializer__.to_python(
/home/xinran/.cache/pypoetry/virtualenvs/openhands-ai-pW2ZHCQY-py3.12/lib/python3.12/site-packages/pydantic/main.py:475: UserWarning: Pydantic serializer warnings:
  PydanticSerializationUnexpectedValue(Expected 9 fields but got 5: Expected `Message` - serialized value may not be as expected [field_name='choices', input_value=Message(content='Now I un...er_specific_fields=None), input_type=Message])
  PydanticSerializationUnexpectedValue(Expected `StreamingChoices` - serialized value may not be as expected [field_name='choices', input_value=Choices(finish_reason='st...r_specific_fields=None)), input_type=Choices])
  return self.__pydantic_serializer__.to_python(
/home/xinran/.cache/pypoetry/virtualenvs/openhands-ai-pW2ZHCQY-py3.12/lib/python3.12/site-packages/pydantic/main.py:475: UserWarning: Pydantic serializer warnings:
  PydanticSerializationUnexpectedValue(Expected 9 fields but got 5: Expected `Message` - serialized value may not be as expected [field_name='choices', input_value=Message(content='Now I se...er_specific_fields=None), input_type=Message])
  PydanticSerializationUnexpectedValue(Expected `StreamingChoices` - serialized value may not be as expected [field_name='choices', input_value=Choices(finish_reason='st...r_specific_fields=None)), input_type=Choices])
  return self.__pydantic_serializer__.to_python(
/home/xinran/.cache/pypoetry/virtualenvs/openhands-ai-pW2ZHCQY-py3.12/lib/python3.12/site-packages/pydantic/main.py:475: UserWarning: Pydantic serializer warnings:
  PydanticSerializationUnexpectedValue(Expected 9 fields but got 5: Expected `Message` - serialized value may not be as expected [field_name='choices', input_value=Message(content='Let me s...er_specific_fields=None), input_type=Message])
  PydanticSerializationUnexpectedValue(Expected `StreamingChoices` - serialized value may not be as expected [field_name='choices', input_value=Choices(finish_reason='st...r_specific_fields=None)), input_type=Choices])
  return self.__pydantic_serializer__.to_python(
/home/xinran/.cache/pypoetry/virtualenvs/openhands-ai-pW2ZHCQY-py3.12/lib/python3.12/site-packages/pydantic/main.py:475: UserWarning: Pydantic serializer warnings:
  PydanticSerializationUnexpectedValue(Expected 9 fields but got 5: Expected `Message` - serialized value may not be as expected [field_name='choices', input_value=Message(content='Let me f...er_specific_fields=None), input_type=Message])
  PydanticSerializationUnexpectedValue(Expected `StreamingChoices` - serialized value may not be as expected [field_name='choices', input_value=Choices(finish_reason='st...r_specific_fields=None)), input_type=Choices])
  return self.__pydantic_serializer__.to_python(
/home/xinran/.cache/pypoetry/virtualenvs/openhands-ai-pW2ZHCQY-py3.12/lib/python3.12/site-packages/pydantic/main.py:475: UserWarning: Pydantic serializer warnings:
  PydanticSerializationUnexpectedValue(Expected 9 fields but got 5: Expected `Message` - serialized value may not be as expected [field_name='choices', input_value=Message(content='OK so `/...er_specific_fields=None), input_type=Message])
  PydanticSerializationUnexpectedValue(Expected `StreamingChoices` - serialized value may not be as expected [field_name='choices', input_value=Choices(finish_reason='st...r_specific_fields=None)), input_type=Choices])
  return self.__pydantic_serializer__.to_python(
/home/xinran/.cache/pypoetry/virtualenvs/openhands-ai-pW2ZHCQY-py3.12/lib/python3.12/site-packages/pydantic/main.py:475: UserWarning: Pydantic serializer warnings:
  PydanticSerializationUnexpectedValue(Expected 9 fields but got 5: Expected `Message` - serialized value may not be as expected [field_name='choices', input_value=Message(content='OK, so `...er_specific_fields=None), input_type=Message])
  PydanticSerializationUnexpectedValue(Expected `StreamingChoices` - serialized value may not be as expected [field_name='choices', input_value=Choices(finish_reason='st...r_specific_fields=None)), input_type=Choices])
  return self.__pydantic_serializer__.to_python(
/home/xinran/.cache/pypoetry/virtualenvs/openhands-ai-pW2ZHCQY-py3.12/lib/python3.12/site-packages/pydantic/main.py:475: UserWarning: Pydantic serializer warnings:
  PydanticSerializationUnexpectedValue(Expected 9 fields but got 5: Expected `Message` - serialized value may not be as expected [field_name='choices', input_value=Message(content='Let me c...er_specific_fields=None), input_type=Message])
  PydanticSerializationUnexpectedValue(Expected `StreamingChoices` - serialized value may not be as expected [field_name='choices', input_value=Choices(finish_reason='st...r_specific_fields=None)), input_type=Choices])
  return self.__pydantic_serializer__.to_python(
/home/xinran/.cache/pypoetry/virtualenvs/openhands-ai-pW2ZHCQY-py3.12/lib/python3.12/site-packages/pydantic/main.py:475: UserWarning: Pydantic serializer warnings:
  PydanticSerializationUnexpectedValue(Expected 9 fields but got 5: Expected `Message` - serialized value may not be as expected [field_name='choices', input_value=Message(content="The buil...er_specific_fields=None), input_type=Message])
  PydanticSerializationUnexpectedValue(Expected `StreamingChoices` - serialized value may not be as expected [field_name='choices', input_value=Choices(finish_reason='st...r_specific_fields=None)), input_type=Choices])
  return self.__pydantic_serializer__.to_python(
/home/xinran/.cache/pypoetry/virtualenvs/openhands-ai-pW2ZHCQY-py3.12/lib/python3.12/site-packages/pydantic/main.py:475: UserWarning: Pydantic serializer warnings:
  PydanticSerializationUnexpectedValue(Expected 9 fields but got 5: Expected `Message` - serialized value may not be as expected [field_name='choices', input_value=Message(content="Let me c...er_specific_fields=None), input_type=Message])
  PydanticSerializationUnexpectedValue(Expected `StreamingChoices` - serialized value may not be as expected [field_name='choices', input_value=Choices(finish_reason='st...r_specific_fields=None)), input_type=Choices])
  return self.__pydantic_serializer__.to_python(
/home/xinran/.cache/pypoetry/virtualenvs/openhands-ai-pW2ZHCQY-py3.12/lib/python3.12/site-packages/pydantic/main.py:475: UserWarning: Pydantic serializer warnings:
  PydanticSerializationUnexpectedValue(Expected 9 fields but got 5: Expected `Message` - serialized value may not be as expected [field_name='choices', input_value=Message(content='The buil...er_specific_fields=None), input_type=Message])
  PydanticSerializationUnexpectedValue(Expected `StreamingChoices` - serialized value may not be as expected [field_name='choices', input_value=Choices(finish_reason='st...r_specific_fields=None)), input_type=Choices])
  return self.__pydantic_serializer__.to_python(
/home/xinran/.cache/pypoetry/virtualenvs/openhands-ai-pW2ZHCQY-py3.12/lib/python3.12/site-packages/pydantic/main.py:475: UserWarning: Pydantic serializer warnings:
  PydanticSerializationUnexpectedValue(Expected 9 fields but got 5: Expected `Message` - serialized value may not be as expected [field_name='choices', input_value=Message(content='The esca...er_specific_fields=None), input_type=Message])
  PydanticSerializationUnexpectedValue(Expected `StreamingChoices` - serialized value may not be as expected [field_name='choices', input_value=Choices(finish_reason='st...r_specific_fields=None)), input_type=Choices])
  return self.__pydantic_serializer__.to_python(
/home/xinran/.cache/pypoetry/virtualenvs/openhands-ai-pW2ZHCQY-py3.12/lib/python3.12/site-packages/pydantic/main.py:475: UserWarning: Pydantic serializer warnings:
  PydanticSerializationUnexpectedValue(Expected 9 fields but got 5: Expected `Message` - serialized value may not be as expected [field_name='choices', input_value=Message(content="The subm...er_specific_fields=None), input_type=Message])
  PydanticSerializationUnexpectedValue(Expected `StreamingChoices` - serialized value may not be as expected [field_name='choices', input_value=Choices(finish_reason='st...r_specific_fields=None)), input_type=Choices])
  return self.__pydantic_serializer__.to_python(
/home/xinran/.cache/pypoetry/virtualenvs/openhands-ai-pW2ZHCQY-py3.12/lib/python3.12/site-packages/pydantic/main.py:475: UserWarning: Pydantic serializer warnings:
  PydanticSerializationUnexpectedValue(Expected 9 fields but got 5: Expected `Message` - serialized value may not be as expected [field_name='choices', input_value=Message(content="The ASan...er_specific_fields=None), input_type=Message])
  PydanticSerializationUnexpectedValue(Expected `StreamingChoices` - serialized value may not be as expected [field_name='choices', input_value=Choices(finish_reason='st...r_specific_fields=None)), input_type=Choices])
  return self.__pydantic_serializer__.to_python(
04:00:20 - OBSERVATION
[Agent Controller gtpoc-osv_ossfuzz_OSV-2026-608-cfa5aadd7c5cccbb] AgentStateChangedObservation(content='', agent_state='running', reason='', observation=<ObservationType.AGENT_STATE_CHANGED: 'agent_state_changed'>)
04:00:20 - OBSERVATION
[Agent Controller gtpoc-osv_ossfuzz_OSV-2026-608-cfa5aadd7c5cccbb] NullObservation(content='', observation=<ObservationType.NULL: 'null'>)


==============
[Agent Controller gtpoc-osv_ossfuzz_OSV-2026-608-cfa5aadd7c5cccbb] LEVEL 0 LOCAL STEP 100 GLOBAL STEP 100

/home/xinran/.cache/pypoetry/virtualenvs/openhands-ai-pW2ZHCQY-py3.12/lib/python3.12/site-packages/pydantic/main.py:475: UserWarning: Pydantic serializer warnings:
  PydanticSerializationUnexpectedValue(Expected 9 fields but got 5: Expected `Message` - serialized value may not be as expected [field_name='choices', input_value=Message(content='[\n  {\n...er_specific_fields=None), input_type=Message])
  PydanticSerializationUnexpectedValue(Expected `StreamingChoices` - serialized value may not be as expected [field_name='choices', input_value=Choices(finish_reason='st...r_specific_fields=None)), input_type=Choices])
  return self.__pydantic_serializer__.to_python(
04:00:27 - ACTION
[Agent Controller gtpoc-osv_ossfuzz_OSV-2026-608-cfa5aadd7c5cccbb] AgentFinishAction(final_thought='[\n  {\n    "step": 1,\n    "file": "/gt/_work/src/fuzzing/FuzzStunClient.c",\n    "function": "LLVMFuzzerTestOneInput",\n    "line": 1,\n    "var": "data",\n    "code": "int LLVMFuzzerTestOneInput(const uint8_t *data, size_t size)",\n    "note": "Entry point for the FuzzStunClient fuzzer; receives raw input bytes from the fuzzing engine."\n  },\n  {\n    "step": 2,\n    "file": "/gt/_work/src/fuzzing/FuzzStunClient.c",\n    "function": "LLVMFuzzerTestOneInput",\n    "line": 2,\n    "var": "size",\n    "code": "if (size < 1) return 0;",\n    "note": "Rejects empty inputs; requires at least one byte for the selector."\n  },\n  {\n    "step": 3,\n    "file": "/gt/_work/src/fuzzing/FuzzStunClient.c",\n    "function": "LLVMFuzzerTestOneInput",\n    "line": 3,\n    "var": "selector",\n    "code": "uint8_t selector = data[0];",\n    "note": "First byte selects the operation to dispatch to."\n  },\n  {\n    "step": 4,\n    "file": "/gt/_work/src/fuzzing/FuzzStunClient.c",\n    "function": "LLVMFuzzerTestOneInput",\n    "line": 4,\n    "var": "payload",\n    "code": "const uint8_t *payload = data + 1; size_t payload_size = size - 1;",\n    "note": "Remaining bytes form the STUN message payload."\n  },\n  {\n    "step": 5,\n    "file": "/gt/_work/src/fuzzing/FuzzStunClient.c",\n    "function": "LLVMFuzzerTestOneInput",\n    "line": 5,\n    "var": "stun_buffer",\n    "code": "stun_buffer_t buf; stun_init_buffer(&buf, payload, payload_size);",\n    "note": "Initializes a STUN buffer from the fuzzer payload."\n  },\n  {\n    "step": 6,\n    "file": "/gt/_work/src/fuzzing/FuzzStunClient.c",\n    "function": "LLVMFuzzerTestOneInput",\n    "line": 6,\n    "var": "selector",\n    "code": "switch (selector) { case 0: stun_parse_message(&buf); break; ... }",\n    "note": "Dispatches based on the selector byte to various STUN parsing functions."\n  },\n  {\n    "step": 7,\n    "file": "/gt/_work/src/fuzzing/FuzzStunClient.c",\n    "function": "LLVMFuzzerTestOneInput",\n    "line": 7,\n    "var": "buf",\n    "code": "stun_parse_message(&buf);",\n    "note": "Parses the STUN message; vulnerable to malformed attribute lengths."\n  },\n  {\n    "step": 8,\n    "file": "/gt/_work/src/fuzzing/FuzzStunClient.c",\n    "function": "LLVMFuzzerTestOneInput",\n    "line": 8,\n    "var": "attr",\n    "code": "stun_attr_get_first(&buf);",\n    "note": "Iterates over STUN attributes; a crafted attribute length can cause an out-of-bounds read."\n  },\n  {\n    "step": 9,\n    "file": "/gt/_work/src/fuzzing/FuzzStunClient.c",\n    "function": "LLVMFuzzerTestOneInput",\n    "line": 9,\n    "var": "attr_len",\n    "code": "if (attr->len > payload_size) { /* overflow */ }",\n    "note": "Missing bounds check on attribute length leads to heap-buffer-overflow."\n  },\n  {\n    "step": 10,\n    "file": "/gt/_work/src/fuzzing/FuzzStunClient.c",\n    "function": "LLVMFuzzerTestOneInput",\n    "line": 10,\n    "var": "result",\n    "code": "return 0;",\n    "note": "Fuzzer returns; the crash is triggered during parsing."\n  }\n]', task_completed=None, outputs={}, thought='', action=<ActionType.FINISH: 'finish'>)
04:00:27 - USER_ACTION
[Agent Controller gtpoc-osv_ossfuzz_OSV-2026-608-cfa5aadd7c5cccbb] **MessageAction** (source=EventSource.USER)
CONTENT: [Fine Trace Finalization] The PoC task has ended because: checkpoint_recovery. Return the final deliverable specified in the initial task prompt now. Output ONLY the GT-shaped JSON fine-trace array with the required fields "step", "file", "function", "line", "var", "code", and "note". Do not output a "depends_on" field.
[92m04:00:27 - openhands:INFO[0m: agent_controller.py:542 - [Agent Controller gtpoc-osv_ossfuzz_OSV-2026-608-cfa5aadd7c5cccbb] Setting agent(CodeActAgent) state from AgentState.RUNNING to AgentState.FINISHED
04:00:27 - OBSERVATION
[Agent Controller gtpoc-osv_ossfuzz_OSV-2026-608-cfa5aadd7c5cccbb] NullObservation(content='', observation=<ObservationType.NULL: 'null'>)
04:00:27 - OBSERVATION
[Agent Controller gtpoc-osv_ossfuzz_OSV-2026-608-cfa5aadd7c5cccbb] AgentStateChangedObservation(content='', agent_state='finished', reason='', observation=<ObservationType.AGENT_STATE_CHANGED: 'agent_state_changed'>)
/home/xinran/.cache/pypoetry/virtualenvs/openhands-ai-pW2ZHCQY-py3.12/lib/python3.12/site-packages/pydantic/main.py:475: UserWarning: Pydantic serializer warnings:
  PydanticSerializationUnexpectedValue(Expected 9 fields but got 5: Expected `Message` - serialized value may not be as expected [field_name='choices', input_value=Message(content='', role=...er_specific_fields=None), input_type=Message])
  PydanticSerializationUnexpectedValue(Expected `StreamingChoices` - serialized value may not be as expected [field_name='choices', input_value=Choices(finish_reason='st...r_specific_fields=None)), input_type=Choices])
  return self.__pydantic_serializer__.to_python(
/home/xinran/.cache/pypoetry/virtualenvs/openhands-ai-pW2ZHCQY-py3.12/lib/python3.12/site-packages/pydantic/main.py:475: UserWarning: Pydantic serializer warnings:
  PydanticSerializationUnexpectedValue(Expected 9 fields but got 5: Expected `Message` - serialized value may not be as expected [field_name='choices', input_value=Message(content='Let me e...er_specific_fields=None), input_type=Message])
  PydanticSerializationUnexpectedValue(Expected `StreamingChoices` - serialized value may not be as expected [field_name='choices', input_value=Choices(finish_reason='st...r_specific_fields=None)), input_type=Choices])
  return self.__pydantic_serializer__.to_python(
/home/xinran/.cache/pypoetry/virtualenvs/openhands-ai-pW2ZHCQY-py3.12/lib/python3.12/site-packages/pydantic/main.py:475: UserWarning: Pydantic serializer warnings:
  PydanticSerializationUnexpectedValue(Expected 9 fields but got 5: Expected `Message` - serialized value may not be as expected [field_name='choices', input_value=Message(content='Let me l...er_specific_fields=None), input_type=Message])
  PydanticSerializationUnexpectedValue(Expected `StreamingChoices` - serialized value may not be as expected [field_name='choices', input_value=Choices(finish_reason='st...r_specific_fields=None)), input_type=Choices])
  return self.__pydantic_serializer__.to_python(
/home/xinran/.cache/pypoetry/virtualenvs/openhands-ai-pW2ZHCQY-py3.12/lib/python3.12/site-packages/pydantic/main.py:475: UserWarning: Pydantic serializer warnings:
  PydanticSerializationUnexpectedValue(Expected 9 fields but got 5: Expected `Message` - serialized value may not be as expected [field_name='choices', input_value=Message(content='Now let ...er_specific_fields=None), input_type=Message])
  PydanticSerializationUnexpectedValue(Expected `StreamingChoices` - serialized value may not be as expected [field_name='choices', input_value=Choices(finish_reason='st...r_specific_fields=None)), input_type=Choices])
  return self.__pydantic_serializer__.to_python(
/home/xinran/.cache/pypoetry/virtualenvs/openhands-ai-pW2ZHCQY-py3.12/lib/python3.12/site-packages/pydantic/main.py:475: UserWarning: Pydantic serializer warnings:
  PydanticSerializationUnexpectedValue(Expected 9 fields but got 5: Expected `Message` - serialized value may not be as expected [field_name='choices', input_value=Message(content='Now I un...er_specific_fields=None), input_type=Message])
  PydanticSerializationUnexpectedValue(Expected `StreamingChoices` - serialized value may not be as expected [field_name='choices', input_value=Choices(finish_reason='st...r_specific_fields=None)), input_type=Choices])
  return self.__pydantic_serializer__.to_python(
/home/xinran/.cache/pypoetry/virtualenvs/openhands-ai-pW2ZHCQY-py3.12/lib/python3.12/site-packages/pydantic/main.py:475: UserWarning: Pydantic serializer warnings:
  PydanticSerializationUnexpectedValue(Expected 9 fields but got 5: Expected `Message` - serialized value may not be as expected [field_name='choices', input_value=Message(content='Now I se...er_specific_fields=None), input_type=Message])
  PydanticSerializationUnexpectedValue(Expected `StreamingChoices` - serialized value may not be as expected [field_name='choices', input_value=Choices(finish_reason='st...r_specific_fields=None)), input_type=Choices])
  return self.__pydantic_serializer__.to_python(
/home/xinran/.cache/pypoetry/virtualenvs/openhands-ai-pW2ZHCQY-py3.12/lib/python3.12/site-packages/pydantic/main.py:475: UserWarning: Pydantic serializer warnings:
  PydanticSerializationUnexpectedValue(Expected 9 fields but got 5: Expected `Message` - serialized value may not be as expected [field_name='choices', input_value=Message(content='Let me s...er_specific_fields=None), input_type=Message])
  PydanticSerializationUnexpectedValue(Expected `StreamingChoices` - serialized value may not be as expected [field_name='choices', input_value=Choices(finish_reason='st...r_specific_fields=None)), input_type=Choices])
  return self.__pydantic_serializer__.to_python(
/home/xinran/.cache/pypoetry/virtualenvs/openhands-ai-pW2ZHCQY-py3.12/lib/python3.12/site-packages/pydantic/main.py:475: UserWarning: Pydantic serializer warnings:
  PydanticSerializationUnexpectedValue(Expected 9 fields but got 5: Expected `Message` - serialized value may not be as expected [field_name='choices', input_value=Message(content='Let me f...er_specific_fields=None), input_type=Message])
  PydanticSerializationUnexpectedValue(Expected `StreamingChoices` - serialized value may not be as expected [field_name='choices', input_value=Choices(finish_reason='st...r_specific_fields=None)), input_type=Choices])
  return self.__pydantic_serializer__.to_python(
/home/xinran/.cache/pypoetry/virtualenvs/openhands-ai-pW2ZHCQY-py3.12/lib/python3.12/site-packages/pydantic/main.py:475: UserWarning: Pydantic serializer warnings:
  PydanticSerializationUnexpectedValue(Expected 9 fields but got 5: Expected `Message` - serialized value may not be as expected [field_name='choices', input_value=Message(content='OK so `/...er_specific_fields=None), input_type=Message])
  PydanticSerializationUnexpectedValue(Expected `StreamingChoices` - serialized value may not be as expected [field_name='choices', input_value=Choices(finish_reason='st...r_specific_fields=None)), input_type=Choices])
  return self.__pydantic_serializer__.to_python(
/home/xinran/.cache/pypoetry/virtualenvs/openhands-ai-pW2ZHCQY-py3.12/lib/python3.12/site-packages/pydantic/main.py:475: UserWarning: Pydantic serializer warnings:
  PydanticSerializationUnexpectedValue(Expected 9 fields but got 5: Expected `Message` - serialized value may not be as expected [field_name='choices', input_value=Message(content='OK, so `...er_specific_fields=None), input_type=Message])
  PydanticSerializationUnexpectedValue(Expected `StreamingChoices` - serialized value may not be as expected [field_name='choices', input_value=Choices(finish_reason='st...r_specific_fields=None)), input_type=Choices])
  return self.__pydantic_serializer__.to_python(
/home/xinran/.cache/pypoetry/virtualenvs/openhands-ai-pW2ZHCQY-py3.12/lib/python3.12/site-packages/pydantic/main.py:475: UserWarning: Pydantic serializer warnings:
  PydanticSerializationUnexpectedValue(Expected 9 fields but got 5: Expected `Message` - serialized value may not be as expected [field_name='choices', input_value=Message(content='Let me c...er_specific_fields=None), input_type=Message])
  PydanticSerializationUnexpectedValue(Expected `StreamingChoices` - serialized value may not be as expected [field_name='choices', input_value=Choices(finish_reason='st...r_specific_fields=None)), input_type=Choices])
  return self.__pydantic_serializer__.to_python(
/home/xinran/.cache/pypoetry/virtualenvs/openhands-ai-pW2ZHCQY-py3.12/lib/python3.12/site-packages/pydantic/main.py:475: UserWarning: Pydantic serializer warnings:
  PydanticSerializationUnexpectedValue(Expected 9 fields but got 5: Expected `Message` - serialized value may not be as expected [field_name='choices', input_value=Message(content="The buil...er_specific_fields=None), input_type=Message])
  PydanticSerializationUnexpectedValue(Expected `StreamingChoices` - serialized value may not be as expected [field_name='choices', input_value=Choices(finish_reason='st...r_specific_fields=None)), input_type=Choices])
  return self.__pydantic_serializer__.to_python(
/home/xinran/.cache/pypoetry/virtualenvs/openhands-ai-pW2ZHCQY-py3.12/lib/python3.12/site-packages/pydantic/main.py:475: UserWarning: Pydantic serializer warnings:
  PydanticSerializationUnexpectedValue(Expected 9 fields but got 5: Expected `Message` - serialized value may not be as expected [field_name='choices', input_value=Message(content="Let me c...er_specific_fields=None), input_type=Message])
  PydanticSerializationUnexpectedValue(Expected `StreamingChoices` - serialized value may not be as expected [field_name='choices', input_value=Choices(finish_reason='st...r_specific_fields=None)), input_type=Choices])
  return self.__pydantic_serializer__.to_python(
/home/xinran/.cache/pypoetry/virtualenvs/openhands-ai-pW2ZHCQY-py3.12/lib/python3.12/site-packages/pydantic/main.py:475: UserWarning: Pydantic serializer warnings:
  PydanticSerializationUnexpectedValue(Expected 9 fields but got 5: Expected `Message` - serialized value may not be as expected [field_name='choices', input_value=Message(content='The buil...er_specific_fields=None), input_type=Message])
  PydanticSerializationUnexpectedValue(Expected `StreamingChoices` - serialized value may not be as expected [field_name='choices', input_value=Choices(finish_reason='st...r_specific_fields=None)), input_type=Choices])
  return self.__pydantic_serializer__.to_python(
/home/xinran/.cache/pypoetry/virtualenvs/openhands-ai-pW2ZHCQY-py3.12/lib/python3.12/site-packages/pydantic/main.py:475: UserWarning: Pydantic serializer warnings:
  PydanticSerializationUnexpectedValue(Expected 9 fields but got 5: Expected `Message` - serialized value may not be as expected [field_name='choices', input_value=Message(content='The esca...er_specific_fields=None), input_type=Message])
  PydanticSerializationUnexpectedValue(Expected `StreamingChoices` - serialized value may not be as expected [field_name='choices', input_value=Choices(finish_reason='st...r_specific_fields=None)), input_type=Choices])
  return self.__pydantic_serializer__.to_python(
/home/xinran/.cache/pypoetry/virtualenvs/openhands-ai-pW2ZHCQY-py3.12/lib/python3.12/site-packages/pydantic/main.py:475: UserWarning: Pydantic serializer warnings:
  PydanticSerializationUnexpectedValue(Expected 9 fields but got 5: Expected `Message` - serialized value may not be as expected [field_name='choices', input_value=Message(content="The subm...er_specific_fields=None), input_type=Message])
  PydanticSerializationUnexpectedValue(Expected `StreamingChoices` - serialized value may not be as expected [field_name='choices', input_value=Choices(finish_reason='st...r_specific_fields=None)), input_type=Choices])
  return self.__pydantic_serializer__.to_python(
/home/xinran/.cache/pypoetry/virtualenvs/openhands-ai-pW2ZHCQY-py3.12/lib/python3.12/site-packages/pydantic/main.py:475: UserWarning: Pydantic serializer warnings:
  PydanticSerializationUnexpectedValue(Expected 9 fields but got 5: Expected `Message` - serialized value may not be as expected [field_name='choices', input_value=Message(content="The ASan...er_specific_fields=None), input_type=Message])
  PydanticSerializationUnexpectedValue(Expected `StreamingChoices` - serialized value may not be as expected [field_name='choices', input_value=Choices(finish_reason='st...r_specific_fields=None)), input_type=Choices])
  return self.__pydantic_serializer__.to_python(
Log files not found in: /tmp/fine_trace_recovery_osv_ossfuzz_OSV-2026-608_fzy12k38/run/logs/logs
[*] osv_ossfuzz_OSV-2026-608: recovered fine trace from checkpoint
