[92m04:00:42 - openhands:INFO[0m: docker_runtime.py:165 - [runtime gtpoc-secbench_oss_mruby.ossfuzz-42497881-bebaf58c65e6f4a4] Starting runtime with image: ghcr.io/all-hands-ai/runtime:0.33-nikolaik
[92m04:00:42 - openhands:INFO[0m: docker_runtime.py:169 - [runtime gtpoc-secbench_oss_mruby.ossfuzz-42497881-bebaf58c65e6f4a4] Container started: openhands-runtime-gtpoc-secbench_oss_mruby.ossfuzz-42497881-bebaf58c65e6f4a4. VSCode URL: None
[92m04:00:42 - openhands:INFO[0m: docker_runtime.py:180 - [runtime gtpoc-secbench_oss_mruby.ossfuzz-42497881-bebaf58c65e6f4a4] Waiting for client to become ready at http://localhost:33356...
[92m04:01:06 - openhands:INFO[0m: docker_runtime.py:186 - [runtime gtpoc-secbench_oss_mruby.ossfuzz-42497881-bebaf58c65e6f4a4] Runtime is ready.
[92m04:01:06 - openhands:INFO[0m: base.py:409 - [runtime gtpoc-secbench_oss_mruby.ossfuzz-42497881-bebaf58c65e6f4a4] Selected repo: None, loading microagents from /workspace/.openhands/microagents (inside runtime)
[92m04:01:06 - openhands:INFO[0m: memory.py:239 - Loading user workspace microagents: []
04:01:06 - USER_ACTION
[Agent Controller gtpoc-secbench_oss_mruby.ossfuzz-42497881-bebaf58c65e6f4a4] **MessageAction** (source=EventSource.USER)
CONTENT: Resume the frozen evaluation checkpoint. Do not use tools. Return only the GT-shaped JSON fine-trace array required by the original task.

[92m04:01:06 - openhands:INFO[0m: agent_controller.py:542 - [Agent Controller gtpoc-secbench_oss_mruby.ossfuzz-42497881-bebaf58c65e6f4a4] Setting agent(CodeActAgent) state from AgentState.LOADING to AgentState.RUNNING
/home/xinran/.cache/pypoetry/virtualenvs/openhands-ai-pW2ZHCQY-py3.12/lib/python3.12/site-packages/pydantic/main.py:475: UserWarning: Pydantic serializer warnings:
  PydanticSerializationUnexpectedValue(Expected 9 fields but got 5: Expected `Message` - serialized value may not be as expected [field_name='choices', input_value=Message(content="I'll sta...er_specific_fields=None), input_type=Message])
  PydanticSerializationUnexpectedValue(Expected `StreamingChoices` - serialized value may not be as expected [field_name='choices', input_value=Choices(finish_reason='st...r_specific_fields=None)), input_type=Choices])
  return self.__pydantic_serializer__.to_python(
/home/xinran/.cache/pypoetry/virtualenvs/openhands-ai-pW2ZHCQY-py3.12/lib/python3.12/site-packages/pydantic/main.py:475: UserWarning: Pydantic serializer warnings:
  PydanticSerializationUnexpectedValue(Expected 9 fields but got 5: Expected `Message` - serialized value may not be as expected [field_name='choices', input_value=Message(content='Let me e...er_specific_fields=None), input_type=Message])
  PydanticSerializationUnexpectedValue(Expected `StreamingChoices` - serialized value may not be as expected [field_name='choices', input_value=Choices(finish_reason='st...r_specific_fields=None)), input_type=Choices])
  return self.__pydantic_serializer__.to_python(
/home/xinran/.cache/pypoetry/virtualenvs/openhands-ai-pW2ZHCQY-py3.12/lib/python3.12/site-packages/pydantic/main.py:475: UserWarning: Pydantic serializer warnings:
  PydanticSerializationUnexpectedValue(Expected 9 fields but got 5: Expected `Message` - serialized value may not be as expected [field_name='choices', input_value=Message(content='Let me l...er_specific_fields=None), input_type=Message])
  PydanticSerializationUnexpectedValue(Expected `StreamingChoices` - serialized value may not be as expected [field_name='choices', input_value=Choices(finish_reason='st...r_specific_fields=None)), input_type=Choices])
  return self.__pydantic_serializer__.to_python(
/home/xinran/.cache/pypoetry/virtualenvs/openhands-ai-pW2ZHCQY-py3.12/lib/python3.12/site-packages/pydantic/main.py:475: UserWarning: Pydantic serializer warnings:
  PydanticSerializationUnexpectedValue(Expected 9 fields but got 5: Expected `Message` - serialized value may not be as expected [field_name='choices', input_value=Message(content='', role=...er_specific_fields=None), input_type=Message])
  PydanticSerializationUnexpectedValue(Expected `StreamingChoices` - serialized value may not be as expected [field_name='choices', input_value=Choices(finish_reason='st...r_specific_fields=None)), input_type=Choices])
  return self.__pydantic_serializer__.to_python(
/home/xinran/.cache/pypoetry/virtualenvs/openhands-ai-pW2ZHCQY-py3.12/lib/python3.12/site-packages/pydantic/main.py:475: UserWarning: Pydantic serializer warnings:
  PydanticSerializationUnexpectedValue(Expected 9 fields but got 5: Expected `Message` - serialized value may not be as expected [field_name='choices', input_value=Message(content='Let me c...er_specific_fields=None), input_type=Message])
  PydanticSerializationUnexpectedValue(Expected `StreamingChoices` - serialized value may not be as expected [field_name='choices', input_value=Choices(finish_reason='st...r_specific_fields=None)), input_type=Choices])
  return self.__pydantic_serializer__.to_python(
/home/xinran/.cache/pypoetry/virtualenvs/openhands-ai-pW2ZHCQY-py3.12/lib/python3.12/site-packages/pydantic/main.py:475: UserWarning: Pydantic serializer warnings:
  PydanticSerializationUnexpectedValue(Expected 9 fields but got 5: Expected `Message` - serialized value may not be as expected [field_name='choices', input_value=Message(content='Now I un...er_specific_fields=None), input_type=Message])
  PydanticSerializationUnexpectedValue(Expected `StreamingChoices` - serialized value may not be as expected [field_name='choices', input_value=Choices(finish_reason='st...r_specific_fields=None)), input_type=Choices])
  return self.__pydantic_serializer__.to_python(
/home/xinran/.cache/pypoetry/virtualenvs/openhands-ai-pW2ZHCQY-py3.12/lib/python3.12/site-packages/pydantic/main.py:475: UserWarning: Pydantic serializer warnings:
  PydanticSerializationUnexpectedValue(Expected 9 fields but got 5: Expected `Message` - serialized value may not be as expected [field_name='choices', input_value=Message(content='The git ...er_specific_fields=None), input_type=Message])
  PydanticSerializationUnexpectedValue(Expected `StreamingChoices` - serialized value may not be as expected [field_name='choices', input_value=Choices(finish_reason='st...r_specific_fields=None)), input_type=Choices])
  return self.__pydantic_serializer__.to_python(
/home/xinran/.cache/pypoetry/virtualenvs/openhands-ai-pW2ZHCQY-py3.12/lib/python3.12/site-packages/pydantic/main.py:475: UserWarning: Pydantic serializer warnings:
  PydanticSerializationUnexpectedValue(Expected 9 fields but got 5: Expected `Message` - serialized value may not be as expected [field_name='choices', input_value=Message(content='The fuzz...er_specific_fields=None), input_type=Message])
  PydanticSerializationUnexpectedValue(Expected `StreamingChoices` - serialized value may not be as expected [field_name='choices', input_value=Choices(finish_reason='st...r_specific_fields=None)), input_type=Choices])
  return self.__pydantic_serializer__.to_python(
/home/xinran/.cache/pypoetry/virtualenvs/openhands-ai-pW2ZHCQY-py3.12/lib/python3.12/site-packages/pydantic/main.py:475: UserWarning: Pydantic serializer warnings:
  PydanticSerializationUnexpectedValue(Expected 9 fields but got 5: Expected `Message` - serialized value may not be as expected [field_name='choices', input_value=Message(content='Let me t...er_specific_fields=None), input_type=Message])
  PydanticSerializationUnexpectedValue(Expected `StreamingChoices` - serialized value may not be as expected [field_name='choices', input_value=Choices(finish_reason='st...r_specific_fields=None)), input_type=Choices])
  return self.__pydantic_serializer__.to_python(
/home/xinran/.cache/pypoetry/virtualenvs/openhands-ai-pW2ZHCQY-py3.12/lib/python3.12/site-packages/pydantic/main.py:475: UserWarning: Pydantic serializer warnings:
  PydanticSerializationUnexpectedValue(Expected 9 fields but got 5: Expected `Message` - serialized value may not be as expected [field_name='choices', input_value=Message(content='The buil...er_specific_fields=None), input_type=Message])
  PydanticSerializationUnexpectedValue(Expected `StreamingChoices` - serialized value may not be as expected [field_name='choices', input_value=Choices(finish_reason='st...r_specific_fields=None)), input_type=Choices])
  return self.__pydantic_serializer__.to_python(
/home/xinran/.cache/pypoetry/virtualenvs/openhands-ai-pW2ZHCQY-py3.12/lib/python3.12/site-packages/pydantic/main.py:475: UserWarning: Pydantic serializer warnings:
  PydanticSerializationUnexpectedValue(Expected 9 fields but got 5: Expected `Message` - serialized value may not be as expected [field_name='choices', input_value=Message(content='Let me u...er_specific_fields=None), input_type=Message])
  PydanticSerializationUnexpectedValue(Expected `StreamingChoices` - serialized value may not be as expected [field_name='choices', input_value=Choices(finish_reason='st...r_specific_fields=None)), input_type=Choices])
  return self.__pydantic_serializer__.to_python(
/home/xinran/.cache/pypoetry/virtualenvs/openhands-ai-pW2ZHCQY-py3.12/lib/python3.12/site-packages/pydantic/main.py:475: UserWarning: Pydantic serializer warnings:
  PydanticSerializationUnexpectedValue(Expected 9 fields but got 5: Expected `Message` - serialized value may not be as expected [field_name='choices', input_value=Message(content='So `MRB_...er_specific_fields=None), input_type=Message])
  PydanticSerializationUnexpectedValue(Expected `StreamingChoices` - serialized value may not be as expected [field_name='choices', input_value=Choices(finish_reason='st...r_specific_fields=None)), input_type=Choices])
  return self.__pydantic_serializer__.to_python(
/home/xinran/.cache/pypoetry/virtualenvs/openhands-ai-pW2ZHCQY-py3.12/lib/python3.12/site-packages/pydantic/main.py:475: UserWarning: Pydantic serializer warnings:
  PydanticSerializationUnexpectedValue(Expected 9 fields but got 5: Expected `Message` - serialized value may not be as expected [field_name='choices', input_value=Message(content="Ruby isn...er_specific_fields=None), input_type=Message])
  PydanticSerializationUnexpectedValue(Expected `StreamingChoices` - serialized value may not be as expected [field_name='choices', input_value=Choices(finish_reason='st...r_specific_fields=None)), input_type=Choices])
  return self.__pydantic_serializer__.to_python(
/home/xinran/.cache/pypoetry/virtualenvs/openhands-ai-pW2ZHCQY-py3.12/lib/python3.12/site-packages/pydantic/main.py:475: UserWarning: Pydantic serializer warnings:
  PydanticSerializationUnexpectedValue(Expected 9 fields but got 5: Expected `Message` - serialized value may not be as expected [field_name='choices', input_value=Message(content="Building...er_specific_fields=None), input_type=Message])
  PydanticSerializationUnexpectedValue(Expected `StreamingChoices` - serialized value may not be as expected [field_name='choices', input_value=Choices(finish_reason='st...r_specific_fields=None)), input_type=Choices])
  return self.__pydantic_serializer__.to_python(
/home/xinran/.cache/pypoetry/virtualenvs/openhands-ai-pW2ZHCQY-py3.12/lib/python3.12/site-packages/pydantic/main.py:475: UserWarning: Pydantic serializer warnings:
  PydanticSerializationUnexpectedValue(Expected 9 fields but got 5: Expected `Message` - serialized value may not be as expected [field_name='choices', input_value=Message(content='Now let ...er_specific_fields=None), input_type=Message])
  PydanticSerializationUnexpectedValue(Expected `StreamingChoices` - serialized value may not be as expected [field_name='choices', input_value=Choices(finish_reason='st...r_specific_fields=None)), input_type=Choices])
  return self.__pydantic_serializer__.to_python(
/home/xinran/.cache/pypoetry/virtualenvs/openhands-ai-pW2ZHCQY-py3.12/lib/python3.12/site-packages/pydantic/main.py:475: UserWarning: Pydantic serializer warnings:
  PydanticSerializationUnexpectedValue(Expected 9 fields but got 5: Expected `Message` - serialized value may not be as expected [field_name='choices', input_value=Message(content="The mrub...er_specific_fields=None), input_type=Message])
  PydanticSerializationUnexpectedValue(Expected `StreamingChoices` - serialized value may not be as expected [field_name='choices', input_value=Choices(finish_reason='st...r_specific_fields=None)), input_type=Choices])
  return self.__pydantic_serializer__.to_python(
/home/xinran/.cache/pypoetry/virtualenvs/openhands-ai-pW2ZHCQY-py3.12/lib/python3.12/site-packages/pydantic/main.py:475: UserWarning: Pydantic serializer warnings:
  PydanticSerializationUnexpectedValue(Expected 9 fields but got 5: Expected `Message` - serialized value may not be as expected [field_name='choices', input_value=Message(content='Ruby is ...er_specific_fields=None), input_type=Message])
  PydanticSerializationUnexpectedValue(Expected `StreamingChoices` - serialized value may not be as expected [field_name='choices', input_value=Choices(finish_reason='st...r_specific_fields=None)), input_type=Choices])
  return self.__pydantic_serializer__.to_python(
/home/xinran/.cache/pypoetry/virtualenvs/openhands-ai-pW2ZHCQY-py3.12/lib/python3.12/site-packages/pydantic/main.py:475: UserWarning: Pydantic serializer warnings:
  PydanticSerializationUnexpectedValue(Expected 9 fields but got 5: Expected `Message` - serialized value may not be as expected [field_name='choices', input_value=Message(content="The ruby...er_specific_fields=None), input_type=Message])
  PydanticSerializationUnexpectedValue(Expected `StreamingChoices` - serialized value may not be as expected [field_name='choices', input_value=Choices(finish_reason='st...r_specific_fields=None)), input_type=Choices])
  return self.__pydantic_serializer__.to_python(
/home/xinran/.cache/pypoetry/virtualenvs/openhands-ai-pW2ZHCQY-py3.12/lib/python3.12/site-packages/pydantic/main.py:475: UserWarning: Pydantic serializer warnings:
  PydanticSerializationUnexpectedValue(Expected 9 fields but got 5: Expected `Message` - serialized value may not be as expected [field_name='choices', input_value=Message(content='Let me w...er_specific_fields=None), input_type=Message])
  PydanticSerializationUnexpectedValue(Expected `StreamingChoices` - serialized value may not be as expected [field_name='choices', input_value=Choices(finish_reason='st...r_specific_fields=None)), input_type=Choices])
  return self.__pydantic_serializer__.to_python(
04:01:06 - OBSERVATION
[Agent Controller gtpoc-secbench_oss_mruby.ossfuzz-42497881-bebaf58c65e6f4a4] NullObservation(content='', observation=<ObservationType.NULL: 'null'>)


==============
[Agent Controller gtpoc-secbench_oss_mruby.ossfuzz-42497881-bebaf58c65e6f4a4] LEVEL 0 LOCAL STEP 100 GLOBAL STEP 100

/home/xinran/.cache/pypoetry/virtualenvs/openhands-ai-pW2ZHCQY-py3.12/lib/python3.12/site-packages/pydantic/main.py:475: UserWarning: Pydantic serializer warnings:
  PydanticSerializationUnexpectedValue(Expected 9 fields but got 5: Expected `Message` - serialized value may not be as expected [field_name='choices', input_value=Message(content='[{"step"...er_specific_fields=None), input_type=Message])
  PydanticSerializationUnexpectedValue(Expected `StreamingChoices` - serialized value may not be as expected [field_name='choices', input_value=Choices(finish_reason='st...r_specific_fields=None)), input_type=Choices])
  return self.__pydantic_serializer__.to_python(
04:01:10 - ACTION
[Agent Controller gtpoc-secbench_oss_mruby.ossfuzz-42497881-bebaf58c65e6f4a4] AgentFinishAction(final_thought='[{"step":1,"file":"mrbgems/mruby-sprintf/src/sprintf.c","function":"get_num","line":262,"var":"next_n","code":"*valp = (int)next_n;","note":"64-bit mrb_int 2147483648 truncated to 32-bit int, becoming -2147483648"},{"step":2,"file":"mrbgems/mruby-sprintf/src/sprintf.c","function":"mrb_str_format","line":571,"var":"prec","code":"get_num(mrb, &str, &prec);","note":"Precision parsed as -2147483648 due to int truncation in get_num"},{"step":3,"file":"mrbgems/mruby-sprintf/src/sprintf.c","function":"mrb_str_format","line":571,"var":"prec","code":"if (prec < 0) prec = 0;","note":"Negative precision check passes since prec is -2147483648, but code path for %s uses prec directly"},{"step":4,"file":"mrbgems/mruby-sprintf/src/sprintf.c","function":"mrb_str_format","line":571,"var":"len","code":"len = prec;","note":"len assigned negative value -2147483648 from truncated precision"},{"step":5,"file":"mrbgems/mruby-sprintf/src/sprintf.c","function":"mrb_str_format","line":571,"var":"len","code":"if (len < 0) len = 0;","note":"Negative len check bypassed due to integer overflow in comparison"},{"step":6,"file":"mrbgems/mruby-sprintf/src/sprintf.c","function":"PUSH","line":169,"var":"len","code":"memcpy(bptr, str, len);","note":"memcpy called with negative len causing ASAN negative-size-param crash"}]', task_completed=None, outputs={}, thought='', action=<ActionType.FINISH: 'finish'>)
04:01:10 - OBSERVATION
[Agent Controller gtpoc-secbench_oss_mruby.ossfuzz-42497881-bebaf58c65e6f4a4] AgentStateChangedObservation(content='', agent_state='running', reason='', observation=<ObservationType.AGENT_STATE_CHANGED: 'agent_state_changed'>)
04:01:10 - USER_ACTION
[Agent Controller gtpoc-secbench_oss_mruby.ossfuzz-42497881-bebaf58c65e6f4a4] **MessageAction** (source=EventSource.USER)
CONTENT: [Fine Trace Finalization] The PoC task has ended because: checkpoint_recovery. Return the final deliverable specified in the initial task prompt now. Output ONLY the GT-shaped JSON fine-trace array with the required fields "step", "file", "function", "line", "var", "code", and "note". Do not output a "depends_on" field.
[92m04:01:10 - openhands:INFO[0m: agent_controller.py:542 - [Agent Controller gtpoc-secbench_oss_mruby.ossfuzz-42497881-bebaf58c65e6f4a4] Setting agent(CodeActAgent) state from AgentState.RUNNING to AgentState.FINISHED
04:01:10 - OBSERVATION
[Agent Controller gtpoc-secbench_oss_mruby.ossfuzz-42497881-bebaf58c65e6f4a4] NullObservation(content='', observation=<ObservationType.NULL: 'null'>)
04:01:10 - OBSERVATION
[Agent Controller gtpoc-secbench_oss_mruby.ossfuzz-42497881-bebaf58c65e6f4a4] AgentStateChangedObservation(content='', agent_state='finished', reason='', observation=<ObservationType.AGENT_STATE_CHANGED: 'agent_state_changed'>)
/home/xinran/.cache/pypoetry/virtualenvs/openhands-ai-pW2ZHCQY-py3.12/lib/python3.12/site-packages/pydantic/main.py:475: UserWarning: Pydantic serializer warnings:
  PydanticSerializationUnexpectedValue(Expected 9 fields but got 5: Expected `Message` - serialized value may not be as expected [field_name='choices', input_value=Message(content="I'll sta...er_specific_fields=None), input_type=Message])
  PydanticSerializationUnexpectedValue(Expected `StreamingChoices` - serialized value may not be as expected [field_name='choices', input_value=Choices(finish_reason='st...r_specific_fields=None)), input_type=Choices])
  return self.__pydantic_serializer__.to_python(
/home/xinran/.cache/pypoetry/virtualenvs/openhands-ai-pW2ZHCQY-py3.12/lib/python3.12/site-packages/pydantic/main.py:475: UserWarning: Pydantic serializer warnings:
  PydanticSerializationUnexpectedValue(Expected 9 fields but got 5: Expected `Message` - serialized value may not be as expected [field_name='choices', input_value=Message(content='Let me e...er_specific_fields=None), input_type=Message])
  PydanticSerializationUnexpectedValue(Expected `StreamingChoices` - serialized value may not be as expected [field_name='choices', input_value=Choices(finish_reason='st...r_specific_fields=None)), input_type=Choices])
  return self.__pydantic_serializer__.to_python(
/home/xinran/.cache/pypoetry/virtualenvs/openhands-ai-pW2ZHCQY-py3.12/lib/python3.12/site-packages/pydantic/main.py:475: UserWarning: Pydantic serializer warnings:
  PydanticSerializationUnexpectedValue(Expected 9 fields but got 5: Expected `Message` - serialized value may not be as expected [field_name='choices', input_value=Message(content='Let me l...er_specific_fields=None), input_type=Message])
  PydanticSerializationUnexpectedValue(Expected `StreamingChoices` - serialized value may not be as expected [field_name='choices', input_value=Choices(finish_reason='st...r_specific_fields=None)), input_type=Choices])
  return self.__pydantic_serializer__.to_python(
/home/xinran/.cache/pypoetry/virtualenvs/openhands-ai-pW2ZHCQY-py3.12/lib/python3.12/site-packages/pydantic/main.py:475: UserWarning: Pydantic serializer warnings:
  PydanticSerializationUnexpectedValue(Expected 9 fields but got 5: Expected `Message` - serialized value may not be as expected [field_name='choices', input_value=Message(content='', role=...er_specific_fields=None), input_type=Message])
  PydanticSerializationUnexpectedValue(Expected `StreamingChoices` - serialized value may not be as expected [field_name='choices', input_value=Choices(finish_reason='st...r_specific_fields=None)), input_type=Choices])
  return self.__pydantic_serializer__.to_python(
/home/xinran/.cache/pypoetry/virtualenvs/openhands-ai-pW2ZHCQY-py3.12/lib/python3.12/site-packages/pydantic/main.py:475: UserWarning: Pydantic serializer warnings:
  PydanticSerializationUnexpectedValue(Expected 9 fields but got 5: Expected `Message` - serialized value may not be as expected [field_name='choices', input_value=Message(content='Let me c...er_specific_fields=None), input_type=Message])
  PydanticSerializationUnexpectedValue(Expected `StreamingChoices` - serialized value may not be as expected [field_name='choices', input_value=Choices(finish_reason='st...r_specific_fields=None)), input_type=Choices])
  return self.__pydantic_serializer__.to_python(
/home/xinran/.cache/pypoetry/virtualenvs/openhands-ai-pW2ZHCQY-py3.12/lib/python3.12/site-packages/pydantic/main.py:475: UserWarning: Pydantic serializer warnings:
  PydanticSerializationUnexpectedValue(Expected 9 fields but got 5: Expected `Message` - serialized value may not be as expected [field_name='choices', input_value=Message(content='Now I un...er_specific_fields=None), input_type=Message])
  PydanticSerializationUnexpectedValue(Expected `StreamingChoices` - serialized value may not be as expected [field_name='choices', input_value=Choices(finish_reason='st...r_specific_fields=None)), input_type=Choices])
  return self.__pydantic_serializer__.to_python(
/home/xinran/.cache/pypoetry/virtualenvs/openhands-ai-pW2ZHCQY-py3.12/lib/python3.12/site-packages/pydantic/main.py:475: UserWarning: Pydantic serializer warnings:
  PydanticSerializationUnexpectedValue(Expected 9 fields but got 5: Expected `Message` - serialized value may not be as expected [field_name='choices', input_value=Message(content='The git ...er_specific_fields=None), input_type=Message])
  PydanticSerializationUnexpectedValue(Expected `StreamingChoices` - serialized value may not be as expected [field_name='choices', input_value=Choices(finish_reason='st...r_specific_fields=None)), input_type=Choices])
  return self.__pydantic_serializer__.to_python(
/home/xinran/.cache/pypoetry/virtualenvs/openhands-ai-pW2ZHCQY-py3.12/lib/python3.12/site-packages/pydantic/main.py:475: UserWarning: Pydantic serializer warnings:
  PydanticSerializationUnexpectedValue(Expected 9 fields but got 5: Expected `Message` - serialized value may not be as expected [field_name='choices', input_value=Message(content='The fuzz...er_specific_fields=None), input_type=Message])
  PydanticSerializationUnexpectedValue(Expected `StreamingChoices` - serialized value may not be as expected [field_name='choices', input_value=Choices(finish_reason='st...r_specific_fields=None)), input_type=Choices])
  return self.__pydantic_serializer__.to_python(
/home/xinran/.cache/pypoetry/virtualenvs/openhands-ai-pW2ZHCQY-py3.12/lib/python3.12/site-packages/pydantic/main.py:475: UserWarning: Pydantic serializer warnings:
  PydanticSerializationUnexpectedValue(Expected 9 fields but got 5: Expected `Message` - serialized value may not be as expected [field_name='choices', input_value=Message(content='Let me t...er_specific_fields=None), input_type=Message])
  PydanticSerializationUnexpectedValue(Expected `StreamingChoices` - serialized value may not be as expected [field_name='choices', input_value=Choices(finish_reason='st...r_specific_fields=None)), input_type=Choices])
  return self.__pydantic_serializer__.to_python(
/home/xinran/.cache/pypoetry/virtualenvs/openhands-ai-pW2ZHCQY-py3.12/lib/python3.12/site-packages/pydantic/main.py:475: UserWarning: Pydantic serializer warnings:
  PydanticSerializationUnexpectedValue(Expected 9 fields but got 5: Expected `Message` - serialized value may not be as expected [field_name='choices', input_value=Message(content='The buil...er_specific_fields=None), input_type=Message])
  PydanticSerializationUnexpectedValue(Expected `StreamingChoices` - serialized value may not be as expected [field_name='choices', input_value=Choices(finish_reason='st...r_specific_fields=None)), input_type=Choices])
  return self.__pydantic_serializer__.to_python(
/home/xinran/.cache/pypoetry/virtualenvs/openhands-ai-pW2ZHCQY-py3.12/lib/python3.12/site-packages/pydantic/main.py:475: UserWarning: Pydantic serializer warnings:
  PydanticSerializationUnexpectedValue(Expected 9 fields but got 5: Expected `Message` - serialized value may not be as expected [field_name='choices', input_value=Message(content='Let me u...er_specific_fields=None), input_type=Message])
  PydanticSerializationUnexpectedValue(Expected `StreamingChoices` - serialized value may not be as expected [field_name='choices', input_value=Choices(finish_reason='st...r_specific_fields=None)), input_type=Choices])
  return self.__pydantic_serializer__.to_python(
/home/xinran/.cache/pypoetry/virtualenvs/openhands-ai-pW2ZHCQY-py3.12/lib/python3.12/site-packages/pydantic/main.py:475: UserWarning: Pydantic serializer warnings:
  PydanticSerializationUnexpectedValue(Expected 9 fields but got 5: Expected `Message` - serialized value may not be as expected [field_name='choices', input_value=Message(content='So `MRB_...er_specific_fields=None), input_type=Message])
  PydanticSerializationUnexpectedValue(Expected `StreamingChoices` - serialized value may not be as expected [field_name='choices', input_value=Choices(finish_reason='st...r_specific_fields=None)), input_type=Choices])
  return self.__pydantic_serializer__.to_python(
/home/xinran/.cache/pypoetry/virtualenvs/openhands-ai-pW2ZHCQY-py3.12/lib/python3.12/site-packages/pydantic/main.py:475: UserWarning: Pydantic serializer warnings:
  PydanticSerializationUnexpectedValue(Expected 9 fields but got 5: Expected `Message` - serialized value may not be as expected [field_name='choices', input_value=Message(content="Ruby isn...er_specific_fields=None), input_type=Message])
  PydanticSerializationUnexpectedValue(Expected `StreamingChoices` - serialized value may not be as expected [field_name='choices', input_value=Choices(finish_reason='st...r_specific_fields=None)), input_type=Choices])
  return self.__pydantic_serializer__.to_python(
/home/xinran/.cache/pypoetry/virtualenvs/openhands-ai-pW2ZHCQY-py3.12/lib/python3.12/site-packages/pydantic/main.py:475: UserWarning: Pydantic serializer warnings:
  PydanticSerializationUnexpectedValue(Expected 9 fields but got 5: Expected `Message` - serialized value may not be as expected [field_name='choices', input_value=Message(content="Building...er_specific_fields=None), input_type=Message])
  PydanticSerializationUnexpectedValue(Expected `StreamingChoices` - serialized value may not be as expected [field_name='choices', input_value=Choices(finish_reason='st...r_specific_fields=None)), input_type=Choices])
  return self.__pydantic_serializer__.to_python(
/home/xinran/.cache/pypoetry/virtualenvs/openhands-ai-pW2ZHCQY-py3.12/lib/python3.12/site-packages/pydantic/main.py:475: UserWarning: Pydantic serializer warnings:
  PydanticSerializationUnexpectedValue(Expected 9 fields but got 5: Expected `Message` - serialized value may not be as expected [field_name='choices', input_value=Message(content='Now let ...er_specific_fields=None), input_type=Message])
  PydanticSerializationUnexpectedValue(Expected `StreamingChoices` - serialized value may not be as expected [field_name='choices', input_value=Choices(finish_reason='st...r_specific_fields=None)), input_type=Choices])
  return self.__pydantic_serializer__.to_python(
/home/xinran/.cache/pypoetry/virtualenvs/openhands-ai-pW2ZHCQY-py3.12/lib/python3.12/site-packages/pydantic/main.py:475: UserWarning: Pydantic serializer warnings:
  PydanticSerializationUnexpectedValue(Expected 9 fields but got 5: Expected `Message` - serialized value may not be as expected [field_name='choices', input_value=Message(content="The mrub...er_specific_fields=None), input_type=Message])
  PydanticSerializationUnexpectedValue(Expected `StreamingChoices` - serialized value may not be as expected [field_name='choices', input_value=Choices(finish_reason='st...r_specific_fields=None)), input_type=Choices])
  return self.__pydantic_serializer__.to_python(
/home/xinran/.cache/pypoetry/virtualenvs/openhands-ai-pW2ZHCQY-py3.12/lib/python3.12/site-packages/pydantic/main.py:475: UserWarning: Pydantic serializer warnings:
  PydanticSerializationUnexpectedValue(Expected 9 fields but got 5: Expected `Message` - serialized value may not be as expected [field_name='choices', input_value=Message(content='Ruby is ...er_specific_fields=None), input_type=Message])
  PydanticSerializationUnexpectedValue(Expected `StreamingChoices` - serialized value may not be as expected [field_name='choices', input_value=Choices(finish_reason='st...r_specific_fields=None)), input_type=Choices])
  return self.__pydantic_serializer__.to_python(
/home/xinran/.cache/pypoetry/virtualenvs/openhands-ai-pW2ZHCQY-py3.12/lib/python3.12/site-packages/pydantic/main.py:475: UserWarning: Pydantic serializer warnings:
  PydanticSerializationUnexpectedValue(Expected 9 fields but got 5: Expected `Message` - serialized value may not be as expected [field_name='choices', input_value=Message(content="The ruby...er_specific_fields=None), input_type=Message])
  PydanticSerializationUnexpectedValue(Expected `StreamingChoices` - serialized value may not be as expected [field_name='choices', input_value=Choices(finish_reason='st...r_specific_fields=None)), input_type=Choices])
  return self.__pydantic_serializer__.to_python(
/home/xinran/.cache/pypoetry/virtualenvs/openhands-ai-pW2ZHCQY-py3.12/lib/python3.12/site-packages/pydantic/main.py:475: UserWarning: Pydantic serializer warnings:
  PydanticSerializationUnexpectedValue(Expected 9 fields but got 5: Expected `Message` - serialized value may not be as expected [field_name='choices', input_value=Message(content='Let me w...er_specific_fields=None), input_type=Message])
  PydanticSerializationUnexpectedValue(Expected `StreamingChoices` - serialized value may not be as expected [field_name='choices', input_value=Choices(finish_reason='st...r_specific_fields=None)), input_type=Choices])
  return self.__pydantic_serializer__.to_python(
Log files not found in: /tmp/fine_trace_recovery_secbench_oss_mruby.ossfuzz-42497881_eubfqnpi/run/logs/logs
[*] secbench_oss_mruby.ossfuzz-42497881: recovered fine trace from checkpoint
